Component: ARM Compiler 5.06 update 6 (build 750) Tool: armlink [4d35ed]

==============================================================================

Section Cross References

    main.o(i.main) refers to _printf_percent.o(.ARM.Collect$$_printf_percent$$00000000) for _printf_percent
    main.o(i.main) refers to _printf_f.o(.ARM.Collect$$_printf_percent$$00000003) for _printf_f
    main.o(i.main) refers to printf1.o(x$fpl$printf1) for _printf_fp_dec
    main.o(i.main) refers to _printf_d.o(.ARM.Collect$$_printf_percent$$00000009) for _printf_d
    main.o(i.main) refers to _printf_dec.o(.text) for _printf_int_dec
    main.o(i.main) refers to delay.o(i.delay_init) for delay_init
    main.o(i.main) refers to usart.o(i.uart_init) for uart_init
    main.o(i.main) refers to misc.o(i.NVIC_PriorityGroupConfig) for NVIC_PriorityGroupConfig
    main.o(i.main) refers to key.o(i.KEY_Init) for KEY_Init
    main.o(i.main) refers to led.o(i.LED_Init) for LED_Init
    main.o(i.main) refers to tft.o(i.Lcd_Init) for Lcd_Init
    main.o(i.main) refers to dac8552.o(i.DAC8552_GPIO_Init) for DAC8552_GPIO_Init
    main.o(i.main) refers to time.o(i.wave_init) for wave_init
    main.o(i.main) refers to strstr.o(.text) for strstr
    main.o(i.main) refers to atof.o(i.atof) for atof
    main.o(i.main) refers to d2f.o(x$fpl$d2f) for __aeabi_d2f
    main.o(i.main) refers to f2d.o(x$fpl$f2d) for __aeabi_f2d
    main.o(i.main) refers to noretval__2printf.o(.text) for __2printf
    main.o(i.main) refers to atoi.o(.text) for atoi
    main.o(i.main) refers to fmul.o(x$fpl$fmul) for __aeabi_fmul
    main.o(i.main) refers to fdiv.o(x$fpl$fdiv) for __aeabi_fdiv
    main.o(i.main) refers to ffix.o(x$fpl$ffix) for __aeabi_f2iz
    main.o(i.main) refers to dflt_clz.o(x$fpl$dflt) for __aeabi_i2d
    main.o(i.main) refers to ddiv.o(x$fpl$ddiv) for __aeabi_ddiv
    main.o(i.main) refers to daddsub_clz.o(x$fpl$dsub) for __aeabi_dsub
    main.o(i.main) refers to faddsub_clz.o(x$fpl$fsub) for __aeabi_fsub
    main.o(i.main) refers to dfix.o(x$fpl$dfix) for __aeabi_d2iz
    main.o(i.main) refers to time.o(i.TIM3_init) for TIM3_init
    main.o(i.main) refers to gui.o(i.GUI_sprintf_hzstr16x) for GUI_sprintf_hzstr16x
    main.o(i.main) refers to ffixu.o(x$fpl$ffixu) for __aeabi_f2uiz
    main.o(i.main) refers to gui.o(i.GUI_number) for GUI_number
    main.o(i.main) refers to fflt_clz.o(x$fpl$fflt) for __aeabi_i2f
    main.o(i.main) refers to stm32f10x_tim.o(i.TIM_GetCounter) for TIM_GetCounter
    main.o(i.main) refers to fflt_clz.o(x$fpl$ffltu) for __aeabi_ui2f
    main.o(i.main) refers to dmul.o(x$fpl$dmul) for __aeabi_dmul
    main.o(i.main) refers to sin.o(i.sin) for sin
    main.o(i.main) refers to faddsub_clz.o(x$fpl$fadd) for __aeabi_fadd
    main.o(i.main) refers to dac8552.o(i.DAC8552_Write_CHA) for DAC8552_Write_CHA
    main.o(i.main) refers to usart.o(.bss) for USART_RX_BUF
    main.o(i.main) refers to usart.o(.data) for USART_RX_STA
    main.o(i.main) refers to time.o(.data) for wave_timer
    system_stm32f10x.o(i.SetSysClock) refers to system_stm32f10x.o(i.SetSysClockTo72) for SetSysClockTo72
    system_stm32f10x.o(i.SystemCoreClockUpdate) refers to system_stm32f10x.o(.data) for SystemCoreClock
    system_stm32f10x.o(i.SystemInit) refers to system_stm32f10x.o(i.SetSysClock) for SetSysClock
    delay.o(i.delay_init) refers to misc.o(i.SysTick_CLKSourceConfig) for SysTick_CLKSourceConfig
    delay.o(i.delay_init) refers to system_stm32f10x.o(.data) for SystemCoreClock
    delay.o(i.delay_init) refers to delay.o(.data) for fac_us
    delay.o(i.delay_ms) refers to delay.o(.data) for fac_ms
    delay.o(i.delay_us) refers to delay.o(.data) for fac_us
    usart.o(i.USART1_IRQHandler) refers (Special) to use_no_semi_2.o(.text) for __use_no_semihosting
    usart.o(i.USART1_IRQHandler) refers to stm32f10x_usart.o(i.USART_GetITStatus) for USART_GetITStatus
    usart.o(i.USART1_IRQHandler) refers to stm32f10x_usart.o(i.USART_ReceiveData) for USART_ReceiveData
    usart.o(i.USART1_IRQHandler) refers to usart.o(.data) for USART_RX_STA
    usart.o(i.USART1_IRQHandler) refers to usart.o(.bss) for USART_RX_BUF
    usart.o(i._sys_exit) refers (Special) to use_no_semi_2.o(.text) for __use_no_semihosting
    usart.o(i.fputc) refers (Special) to use_no_semi_2.o(.text) for __use_no_semihosting
    usart.o(i.uart_init) refers (Special) to use_no_semi_2.o(.text) for __use_no_semihosting
    usart.o(i.uart_init) refers to stm32f10x_rcc.o(i.RCC_APB2PeriphClockCmd) for RCC_APB2PeriphClockCmd
    usart.o(i.uart_init) refers to stm32f10x_gpio.o(i.GPIO_Init) for GPIO_Init
    usart.o(i.uart_init) refers to misc.o(i.NVIC_Init) for NVIC_Init
    usart.o(i.uart_init) refers to stm32f10x_usart.o(i.USART_Init) for USART_Init
    usart.o(i.uart_init) refers to stm32f10x_usart.o(i.USART_ITConfig) for USART_ITConfig
    usart.o(i.uart_init) refers to stm32f10x_usart.o(i.USART_Cmd) for USART_Cmd
[...]
    CL$$btod_emuld                           0x08001dea   Section       42  btod.o(CL$$btod_emuld)
    CL$$btod_mult_common                     0x08001e14   Section      580  btod.o(CL$$btod_mult_common)
    i.Address_set                            0x08002058   Section        0  tft.o(i.Address_set)
    i.BusFault_Handler                       0x0800211c   Section        0  stm32f10x_it.o(i.BusFault_Handler)
    i.DAC8552_GPIO_Init                      0x08002120   Section        0  dac8552.o(i.DAC8552_GPIO_Init)
    i.DAC8552_Write_CHA                      0x08002164   Section        0  dac8552.o(i.DAC8552_Write_CHA)
    i.DAC8552_Write_Reg                      0x08002174   Section        0  dac8552.o(i.DAC8552_Write_Reg)
    i.DebugMon_Handler                       0x080021c4   Section        0  stm32f10x_it.o(i.DebugMon_Handler)
    i.GPIO_Init                              0x080021c6   Section        0  stm32f10x_gpio.o(i.GPIO_Init)
    i.GPIO_PinRemapConfig                    0x080022dc   Section        0  stm32f10x_gpio.o(i.GPIO_PinRemapConfig)
    i.GPIO_ResetBits                         0x0800236c   Section        0  stm32f10x_gpio.o(i.GPIO_ResetBits)
    i.GPIO_SetBits                           0x08002370   Section        0  stm32f10x_gpio.o(i.GPIO_SetBits)
    i.GUI_Clear                              0x08002374   Section        0  gui.o(i.GUI_Clear)
    i.GUI_number                             0x080023ac   Section        0  gui.o(i.GUI_number)
    i.GUI_sprintf_char                       0x08002488   Section        0  gui.o(i.GUI_sprintf_char)
    i.GUI_sprintf_hzstr16x                   0x08002590   Section        0  gui.o(i.GUI_sprintf_hzstr16x)
    i.HardFault_Handler                      0x080025d0   Section        0  stm32f10x_it.o(i.HardFault_Handler)
    i.KEY_Init                               0x080025d4   Section        0  key.o(i.KEY_Init)
    i.LCD_ReadReg                            0x08002610   Section        0  tft.o(i.LCD_ReadReg)
    i.LED_Init                               0x08002670   Section        0  led.o(i.LED_Init)
    i.Lcd_GPIO_Init                          0x080026a4   Section        0  tft.o(i.Lcd_GPIO_Init)
    i.Lcd_Init                               0x0800270c   Section        0  tft.o(i.Lcd_Init)
    i.Lcd_WR_Reg                             0x08002ba2   Section        0  tft.o(i.Lcd_WR_Reg)
    i.Lcd_WriteReg                           0x08002bc0   Section        0  tft.o(i.Lcd_WriteReg)
    i.Lcd_Write_Data                         0x08002bd4   Section        0  tft.o(i.Lcd_Write_Data)
    i.MemManage_Handler                      0x08002bf2   Section        0  stm32f10x_it.o(i.MemManage_Handler)
    i.NMI_Handler                            0x08002bf6   Section        0  stm32f10x_it.o(i.NMI_Handler)
    i.NVIC_Init                              0x08002bf8   Section        0  misc.o(i.NVIC_Init)
    i.NVIC_PriorityGroupConfig               0x08002c68   Section        0  misc.o(i.NVIC_PriorityGroupConfig)
    i.PendSV_Handler                         0x08002c7c   Section        0  stm32f10x_it.o(i.PendSV_Handler)
    i.RCC_APB1PeriphClockCmd                 0x08002c80   Section        0  stm32f10x_rcc.o(i.RCC_APB1PeriphClockCmd)
    i.RCC_APB2PeriphClockCmd                 0x08002ca0   Section        0  stm32f10x_rcc.o(i.RCC_APB2PeriphClockCmd)
    i.RCC_GetClocksFreq                      0x08002cc0   Section        0  stm32f10x_rcc.o(i.RCC_GetClocksFreq)
    i.SVC_Handler                            0x08002d94   Section        0  stm32f10x_it.o(i.SVC_Handler)
    i.SetSysClock                            0x08002d96   Section        0  system_stm32f10x.o(i.SetSysClock)
    SetSysClock                              0x08002d97   Thumb Code     8  system_stm32f10x.o(i.SetSysClock)
    i.SetSysClockTo72                        0x08002da0   Section        0  system_stm32f10x.o(i.SetSysClockTo72)
    SetSysClockTo72                          0x08002da1   Thumb Code   214  system_stm32f10x.o(i.SetSysClockTo72)
    i.SysTick_CLKSourceConfig                0x08002e80   Section        0  misc.o(i.SysTick_CLKSourceConfig)
    i.SysTick_Handler                        0x08002ea8   Section        0  stm32f10x_it.o(i.SysTick_Handler)
    i.SystemInit                             0x08002eac   Section        0  system_stm32f10x.o(i.SystemInit)
    i.TFT_CS                                 0x08002f0c   Section        0  tft.o(i.TFT_CS)
    i.TFT_DATA                               0x08002f34   Section        0  tft.o(i.TFT_DATA)
    i.TFT_RD                                 0x08002f48   Section        0  tft.o(i.TFT_RD)
    i.TFT_RS                                 0x08002f74   Section        0  tft.o(i.TFT_RS)
    i.TFT_WR                                 0x08002f9c   Section        0  tft.o(i.TFT_WR)
    i.TIM3_IRQHandler                        0x08002fc4   Section        0  time.o(i.TIM3_IRQHandler)
    i.TIM3_init                              0x08002fe0   Section        0  time.o(i.TIM3_init)
    i.TIM_ClearITPendingBit                  0x08003040   Section        0  stm32f10x_tim.o(i.TIM_ClearITPendingBit)
    i.TIM_Cmd                                0x08003046   Section        0  stm32f10x_tim.o(i.TIM_Cmd)
    i.TIM_GetCounter                         0x0800305e   Section        0  stm32f10x_tim.o(i.TIM_GetCounter)
    i.TIM_GetITStatus                        0x08003064   Section        0  stm32f10x_tim.o(i.TIM_GetITStatus)
    i.TIM_ITConfig                           0x08003086   Section        0  stm32f10x_tim.o(i.TIM_ITConfig)
    i.TIM_TimeBaseInit                       0x08003098   Section        0  stm32f10x_tim.o(i.TIM_TimeBaseInit)
    i.USART1_IRQHandler                      0x0800313c   Section        0  usart.o(i.USART1_IRQHandler)
    i.USART_Cmd                              0x080031c4   Section        0  stm32f10x_usart.o(i.USART_Cmd)
    i.USART_GetITStatus                      0x080031dc   Section        0  stm32f10x_usart.o(i.USART_GetITStatus)
    i.USART_ITConfig                         0x08003230   Section        0  stm32f10x_usart.o(i.USART_ITConfig)
    i.USART_Init                             0x0800327c   Section        0  stm32f10x_usart.o(i.USART_Init)
    i.USART_ReceiveData                      0x08003354   Section        0  stm32f10x_usart.o(i.USART_ReceiveData)
    i.UsageFault_Handler                     0x0800335e   Section        0  stm32f10x_it.o(i.UsageFault_Handler)
    i.__ARM_fpclassify                       0x08003362   Section        0  fpclassify.o(i.__ARM_fpclassify)
    i.__ieee754_rem_pio2                     0x0800338c   Section        0  rred.o(i.__ieee754_rem_pio2)
    i.__kernel_cos                           0x08003714   Section        0  cos_i.o(i.__kernel_cos)
    i.__kernel_poly                          0x08003810   Section        0  poly.o(i.__kernel_poly)
    i.__kernel_sin                           0x080038bc   Section        0  sin_i.o(i.__kernel_sin)
    i.__mathlib_dbl_infnan                   0x080039a8   Section        0  dunder.o(i.__mathlib_dbl_infnan)
    i.__mathlib_dbl_invalid                  0x080039ae   Section        0  dunder.o(i.__mathlib_dbl_invalid)
    i.__mathlib_dbl_overflow                 0x080039ba   Section        0  dunder.o(i.__mathlib_dbl_overflow)
    i.__mathlib_dbl_underflow                0x080039c8   Section        0  dunder.o(i.__mathlib_dbl_underflow)
    i.__mathlib_narrow                       0x080039d8   Section        0  narrow.o(i.__mathlib_narrow)
    i.__mathlib_tofloat                      0x080039e8   Section        0  narrow.o(i.__mathlib_tofloat)
    i.__support_ldexp                        0x08003aa4   Section        0  ldexp.o(i.__support_ldexp)
    i._is_digit                              0x08003aba   Section        0  __printf_wp.o(i._is_digit)
    i._sys_exit                              0x08003ac8   Section        0  usart.o(i._sys_exit)
    i.atof                                   0x08003ace   Section        0  atof.o(i.atof)
    i.delay_init                             0x08003af8   Section        0  delay.o(i.delay_init)
    i.delay_ms                               0x08003b3c   Section        0  delay.o(i.delay_ms)
    i.delay_us                               0x08003b88   Section        0  delay.o(i.delay_us)
    i.fputc                                  0x08003bd4   Section        0  usart.o(i.fputc)
    i.frexp                                  0x08003bf0   Section        0  frexp.o(i.frexp)
    i.ldexp                                  0x08003c48   Section        0  ldexp.o(i.ldexp)
    i.main                                   0x08003cbc   Section        0  main.o(i.main)
    i.sin                                    0x08004158   Section        0  sin.o(i.sin)
    i.uart_init                              0x080041f8   Section        0  usart.o(i.uart_init)
    i.wave_init                              0x08004298   Section        0  time.o(i.wave_init)
    locale$$code                             0x080045b0   Section       44  lc_numeric_c.o(locale$$code)
    locale$$code                             0x080045dc   Section       44  lc_ctype_c.o(locale$$code)
    x$fpl$d2f                                0x08004608   Section       98  d2f.o(x$fpl$d2f)
    x$fpl$dadd                               0x0800466c   Section      336  daddsub_clz.o(x$fpl$dadd)
    _dadd1                                   0x0800467d   Thumb Code     0  daddsub_clz.o(x$fpl$dadd)
    x$fpl$dcheck1                            0x080047bc   Section       16  dcheck1.o(x$fpl$dcheck1)
    x$fpl$dcmpinf                            0x080047cc   Section       24  dcmpi.o(x$fpl$dcmpinf)
    x$fpl$ddiv                               0x080047e4   Section      688  ddiv.o(x$fpl$ddiv)
    ddiv_entry                               0x080047eb   Thumb Code     0  ddiv.o(x$fpl$ddiv)
    x$fpl$deqf                               0x08004a94   Section      120  deqf.o(x$fpl$deqf)
    x$fpl$dfix                               0x08004b0c   Section       94  dfix.o(x$fpl$dfix)
    x$fpl$dflt                               0x08004b6a   Section       46  dflt_clz.o(x$fpl$dflt)
    x$fpl$dfltu                              0x08004b98   Section       38  dflt_clz.o(x$fpl$dfltu)
    x$fpl$dleqf                              0x08004bc0   Section      120  dleqf.o(x$fpl$dleqf)
    x$fpl$dmul                               0x08004c38   Section      340  dmul.o(x$fpl$dmul)
    x$fpl$dnaninf                            0x08004d8c   Section      156  dnaninf.o(x$fpl$dnaninf)
    x$fpl$dretinf                            0x08004e28   Section       12  dretinf.o(x$fpl$dretinf)
    x$fpl$drleqf                             0x08004e34   Section      108  drleqf.o(x$fpl$drleqf)
    x$fpl$drsb                               0x08004ea0   Section       22  daddsub_clz.o(x$fpl$drsb)
    x$fpl$dsub                               0x08004eb8   Section      468  daddsub_clz.o(x$fpl$dsub)
    _dsub1                                   0x08004ec9   Thumb Code     0  daddsub_clz.o(x$fpl$dsub)
    x$fpl$f2d                                0x0800508c   Section       86  f2d.o(x$fpl$f2d)
    x$fpl$fadd                               0x080050e4   Section      196  faddsub_clz.o(x$fpl$fadd)
    _fadd1                                   0x080050f3   Thumb Code     0  faddsub_clz.o(x$fpl$fadd)
    x$fpl$fdiv                               0x080051a8   Section      388  fdiv.o(x$fpl$fdiv)
    _fdiv1                                   0x080051a9   Thumb Code     0  fdiv.o(x$fpl$fdiv)
    x$fpl$ffix                               0x0800532c   Section       54  ffix.o(x$fpl$ffix)
    x$fpl$ffixu                              0x08005364   Section       62  ffixu.o(x$fpl$ffixu)
    x$fpl$fflt                               0x080053a4   Section       48  fflt_clz.o(x$fpl$fflt)
    x$fpl$ffltu                              0x080053d4   Section       38  fflt_clz.o(x$fpl$ffltu)
    x$fpl$fmul                               0x080053fc   Section      258  fmul.o(x$fpl$fmul)
    x$fpl$fnaninf                            0x080054fe   Section      140  fnaninf.o(x$fpl$fnaninf)
    x$fpl$fretinf                            0x0800558a   Section       10  fretinf.o(x$fpl$fretinf)
    x$fpl$fsub                               0x08005594   Section      234  faddsub_clz.o(x$fpl$fsub)
    _fsub1                                   0x080055a3   Thumb Code     0  faddsub_clz.o(x$fpl$fsub)
    x$fpl$ieeestatus                         0x0800567e   Section        6  istatus.o(x$fpl$ieeestatus)
    x$fpl$printf1                            0x08005684   Section        4  printf1.o(x$fpl$printf1)
    x$fpl$retnan                             0x08005688   Section      100  retnan.o(x$fpl$retnan)
    x$fpl$scalbn                             0x080056ec   Section       92  scalbn.o(x$fpl$scalbn)
    x$fpl$scanf1                             0x08005748   Section        4  scanf1.o(x$fpl$scanf1)
    x$fpl$scanf2                             0x0800574c   Section        8  scanf2.o(x$fpl$scanf2)
    x$fpl$trapveneer                         0x08005754   Section       48  trapv.o(x$fpl$trapveneer)
    .constdata                               0x08005784   Section     1552  gui.o(.constdata)
    x$fpl$usenofp                            0x08005784   Section        0  usenofp.o(x$fpl$usenofp)
    .constdata                               0x08005d98   Section       48  cos_i.o(.constdata)
    C                                        0x08005d98   Data          48  cos_i.o(.constdata)
    .constdata                               0x08005dc8   Section      200  rred.o(.constdata)
    pio2s                                    0x08005dc8   Data          48  rred.o(.constdata)
    twooverpi                                0x08005df8   Data         152  rred.o(.constdata)
    .constdata                               0x08005e90   Section       40  sin_i.o(.constdata)
    S                                        0x08005e90   Data          40  sin_i.o(.constdata)
    .constdata                               0x08005eb8   Section      148  bigflt0.o(.constdata)
    tenpwrs_x                                0x08005eb8   Data          60  bigflt0.o(.constdata)
    tenpwrs_i                                0x08005ef4   Data          64  bigflt0.o(.constdata)
    c$$dinf                                  0x08005f6c   Section        8  fpconst.o(c$$dinf)
    c$$dmax                                  0x08005f74   Section        8  fpconst.o(c$$dmax)
    locale$$data                             0x08005f7c   Section       28  lc_numeric_c.o(locale$$data)
    __lcnum_c_name                           0x08005f80   Data           2  lc_numeric_c.o(locale$$data)
    __lcnum_c_start                          0x08005f88   Data           0  lc_numeric_c.o(locale$$data)
    __lcnum_c_point                          0x08005f94   Data           0  lc_numeric_c.o(locale$$data)
    __lcnum_c_thousands                      0x08005f96   Data           0  lc_numeric_c.o(locale$$data)
    __lcnum_c_grouping                       0x08005f97   Data           0  lc_numeric_c.o(locale$$data)
    locale$$data                             0x08005f98   Section      272  lc_ctype_c.o(locale$$data)
    __lcnum_c_end                            0x08005f98   Data           0  lc_numeric_c.o(locale$$data)
    __lcctype_c_name                         0x08005f9c   Data           2  lc_ctype_c.o(locale$$data)
    __lcctype_c_start                        0x08005fa4   Data           0  lc_ctype_c.o(locale$$data)
    __lcctype_c_end                          0x080060a8   Data           0  lc_ctype_c.o(locale$$data)
    .data                                    0x20000000   Section       20  system_stm32f10x.o(.data)
    .data                                    0x20000014   Section        4  delay.o(.data)
    fac_us                                   0x20000014   Data           1  delay.o(.data)
    fac_ms                                   0x20000016   Data           2  delay.o(.data)
    .data                                    0x20000018   Section       28  usart.o(.data)
    .data                                    0x20000034   Section       20  stm32f10x_rcc.o(.data)
    APBAHBPrescTable                         0x20000034   Data          16  stm32f10x_rcc.o(.data)
    ADCPrescTable                            0x20000044   Data           4  stm32f10x_rcc.o(.data)
    .data                                    0x20000048   Section        2  tft.o(.data)
    .data                                    0x20000050   Section       16  time.o(.data)
    .bss                                     0x20000060   Section      200  usart.o(.bss)
    .bss                                     0x20000128   Section       96  libspace.o(.bss)
    HEAP                                     0x20000188   Section      512  startup_stm32f10x_hd.o(HEAP)
    Heap_Mem                                 0x20000188   Data         512  startup_stm32f10x_hd.o(HEAP)
    STACK                                    0x20000388   Section     1024  startup_stm32f10x_hd.o(STACK)
    Stack_Mem                                0x20000388   Data        1024  startup_stm32f10x_hd.o(STACK)
    __initial_sp                             0x20000788   Data           0  startup_stm32f10x_hd.o(STACK)

    Global Symbols

    Symbol Name                              Value     Ov Type        Size  Object(Section)

    BuildAttributes$$THM_ISAv4$P$D$K$B$S$PE$A:L22UL41UL21$X:L11$S22US41US21$IEEE1$IW$USESV6$~STKCKD$USESV7$~SHL$OTIME$ROPI$IEEEX$EBA8$UX$STANDARDLIB$REQ8$PRES8$EABIv2 0x00000000   Number         0  anon$$obj.o ABSOLUTE
    __ARM_use_no_argv                        0x00000000   Number         0  main.o ABSOLUTE
    _printf_flags                            0x00000000   Number         0  printf_stubs.o ABSOLUTE
    _printf_return_value                     0x00000000   Number         0  printf_stubs.o ABSOLUTE
    _printf_sizespec                         0x00000000   Number         0  printf_stubs.o ABSOLUTE
    _printf_widthprec                        0x00000000   Number         0  printf_stubs.o ABSOLUTE
    __ARM_exceptions_init                     - Undefined Weak Reference
    __alloca_initialize                       - Undefined Weak Reference
    __arm_preinit_                            - Undefined Weak Reference
    __cpp_initialize__aeabi_                  - Undefined Weak Reference
    __cxa_finalize                            - Undefined Weak Reference
    __sigvec_lookup                           - Undefined Weak Reference
    _atexit_init                              - Undefined Weak Reference
    _call_atexit_fns                          - Undefined Weak Reference
    _clock_init                               - Undefined Weak Reference
    _fp_trap_init                             - Undefined Weak Reference
    _fp_trap_shutdown                         - Undefined Weak Reference
    _get_lc_collate                           - Undefined Weak Reference
    _get_lc_monetary                          - Undefined Weak Reference
    _get_lc_time                              - Undefined Weak Reference
    _getenv_init                              - Undefined Weak Reference
    _handle_redirection                       - Undefined Weak Reference
    _init_alloc                               - Undefined Weak Reference
    _init_user_alloc                          - Undefined Weak Reference
    _initio                                   - Undefined Weak Reference
    _mutex_acquire                            - Undefined Weak Reference
    _mutex_release                            - Undefined Weak Reference
    _printf_post_padding                      - Undefined Weak Reference
    _printf_pre_padding                       - Undefined Weak Reference
    _printf_truncate_signed                   - Undefined Weak Reference
    _printf_truncate_unsigned                 - Undefined Weak Reference
    _rand_init                                - Undefined Weak Reference
    _signal_finish                            - Undefined Weak Reference
    _signal_init                              - Undefined Weak Reference
    _terminate_alloc                          - Undefined Weak Reference
    _terminate_user_alloc                     - Undefined Weak Reference
    _terminateio                              - Undefined Weak Reference
    __Vectors_Size                           0x00000130   Number         0  startup_stm32f10x_hd.o ABSOLUTE
    __Vectors                                0x08000000   Data           4  startup_stm32f10x_hd.o(RESET)
    __Vectors_End                            0x08000130   Data           0  startup_stm32f10x_hd.o(RESET)
    __main                                   0x08000131   Thumb Code     8  __main.o(!!!main)
    __scatterload                            0x08000139   Thumb Code     0  __scatter.o(!!!scatter)
    __scatterload_rt2                        0x08000139   Thumb Code    44  __scatter.o(!!!scatter)
    __scatterload_rt2_thumb_only             0x08000139   Thumb Code     0  __scatter.o(!!!scatter)
    __scatterload_null                       0x08000147   Thumb Code     0  __scatter.o(!!!scatter)
    __scatterload_copy                       0x0800016d   Thumb Code    26  __scatter_copy.o(!!handler_copy)
    __scatterload_zeroinit                   0x08000189   Thumb Code    28  __scatter_zi.o(!!handler_zi)
    _printf_f                                0x080001a5   Thumb Code     0  _printf_f.o(.ARM.Collect$$_printf_percent$$00000003)
    _printf_percent                          0x080001a5   Thumb Code     0  _printf_percent.o(.ARM.Collect$$_printf_percent$$00000000)
    _printf_d                                0x080001ab   Thumb Code     0  _printf_d.o(.ARM.Collect$$_printf_percent$$00000009)
    _printf_percent_end                      0x080001b1   Thumb Code     0  _printf_percent_end.o(.ARM.Collect$$_printf_percent$$00000017)
    __rt_lib_init                            0x080001b5   Thumb Code     0  libinit.o(.ARM.Collect$$libinit$$00000000)
    __rt_lib_init_fp_1                       0x080001b7   Thumb Code     0  libinit2.o(.ARM.Collect$$libinit$$00000002)
    __rt_lib_init_heap_1                     0x080001b7   Thumb Code     0  libinit2.o(.ARM.Collect$$libinit$$0000000A)
    __rt_lib_init_lc_common                  0x080001b7   Thumb Code     0  libinit2.o(.ARM.Collect$$libinit$$0000000F)
    __rt_lib_init_preinit_1                  0x080001b7   Thumb Code     0  libinit2.o(.ARM.Collect$$libinit$$00000004)
    __rt_lib_init_rand_1                     0x080001b7   Thumb Code     0  libinit2.o(.ARM.Collect$$libinit$$0000000E)
    __rt_lib_init_user_alloc_1               0x080001b7   Thumb Code     0  libinit2.o(.ARM.Collect$$libinit$$0000000C)
    __rt_lib_init_lc_collate_1               0x080001bd   Thumb Code     0  libinit2.o(.ARM.Collect$$libinit$$00000011)
    __rt_lib_init_lc_ctype_2                 0x080001bd   Thumb Code     0  libinit2.o(.ARM.Collect$$libinit$$00000012)
    __rt_lib_init_lc_ctype_1                 0x080001c9   Thumb Code     0  libinit2.o(.ARM.Collect$$libinit$$00000013)
    __rt_lib_init_lc_monetary_1              0x080001c9   Thumb Code     0  libinit2.o(.ARM.Collect$$libinit$$00000015)
    __rt_lib_init_lc_numeric_2               0x080001c9   Thumb Code     0  libinit2.o(.ARM.Collect$$libinit$$00000016)
    __rt_lib_init_alloca_1                   0x080001d3   Thumb Code     0  libinit2.o(.ARM.Collect$$libinit$$0000002E)
    __rt_lib_init_argv_1                     0x080001d3   Thumb Code     0  libinit2.o(.ARM.Collect$$libinit$$0000002C)
    __rt_lib_init_atexit_1                   0x080001d3   Thumb Code     0  libinit2.o(.ARM.Collect$$libinit$$0000001B)
    __rt_lib_init_clock_1                    0x080001d3   Thumb Code     0  libinit2.o(.ARM.Collect$$libinit$$00000021)
    __rt_lib_init_cpp_1                      0x080001d3   Thumb Code     0  libinit2.o(.ARM.Collect$$libinit$$00000032)
    __rt_lib_init_exceptions_1               0x080001d3   Thumb Code     0  libinit2.o(.ARM.Collect$$libinit$$00000030)
    __rt_lib_init_fp_trap_1                  0x080001d3   Thumb Code     0  libinit2.o(.ARM.Collect$$libinit$$0000001F)
    __rt_lib_init_getenv_1                   0x080001d3   Thumb Code     0  libinit2.o(.ARM.Collect$$libinit$$00000023)
    __rt_lib_init_lc_numeric_1               0x080001d3   Thumb Code     0  libinit2.o(.ARM.Collect$$libinit$$00000017)
    __rt_lib_init_lc_time_1                  0x080001d3   Thumb Code     0  libinit2.o(.ARM.Collect$$libinit$$00000019)
    __rt_lib_init_return                     0x080001d3   Thumb Code     0  libinit2.o(.ARM.Collect$$libinit$$00000033)
    __rt_lib_init_signal_1                   0x080001d3   Thumb Code     0  libinit2.o(.ARM.Collect$$libinit$$0000001D)
    __rt_lib_init_stdio_1                    0x080001d3   Thumb Code     0  libinit2.o(.ARM.Collect$$libinit$$00000025)
    __rt_lib_shutdown                        0x080001d5   Thumb Code     0  libshutdown.o(.ARM.Collect$$libshutdown$$00000000)
    __rt_lib_shutdown_cpp_1                  0x080001d7   Thumb Code     0  libshutdown2.o(.ARM.Collect$$libshutdown$$00000002)
    __rt_lib_shutdown_fp_trap_1              0x080001d7   Thumb Code     0  libshutdown2.o(.ARM.Collect$$libshutdown$$00000007)
    __rt_lib_shutdown_heap_1                 0x080001d7   Thumb Code     0  libshutdown2.o(.ARM.Collect$$libshutdown$$0000000F)
    __rt_lib_shutdown_return                 0x080001d7   Thumb Code     0  libshutdown2.o(.ARM.Collect$$libshutdown$$00000010)
    __rt_lib_shutdown_signal_1               0x080001d7   Thumb Code     0  libshutdown2.o(.ARM.Collect$$libshutdown$$0000000A)
    __rt_lib_shutdown_stdio_1                0x080001d7   Thumb Code     0  libshutdown2.o(.ARM.Collect$$libshutdown$$00000004)
    __rt_lib_shutdown_user_alloc_1           0x080001d7   Thumb Code     0  libshutdown2.o(.ARM.Collect$$libshutdown$$0000000C)
    __rt_entry                               0x080001d9   Thumb Code     0  __rtentry.o(.ARM.Collect$$rtentry$$00000000)
    __rt_entry_presh_1                       0x080001d9   Thumb Code     0  __rtentry2.o(.ARM.Collect$$rtentry$$00000002)
    __rt_entry_sh                            0x080001d9   Thumb Code     0  __rtentry4.o(.ARM.Collect$$rtentry$$00000004)
    __rt_entry_li                            0x080001df   Thumb Code     0  __rtentry2.o(.ARM.Collect$$rtentry$$0000000A)
    __rt_entry_postsh_1                      0x080001df   Thumb Code     0  __rtentry2.o(.ARM.Collect$$rtentry$$00000009)
    __rt_entry_main                          0x080001e3   Thumb Code     0  __rtentry2.o(.ARM.Collect$$rtentry$$0000000D)
    __rt_entry_postli_1                      0x080001e3   Thumb Code     0  __rtentry2.o(.ARM.Collect$$rtentry$$0000000C)
    __rt_exit                                0x080001eb   Thumb Code     0  rtexit.o(.ARM.Collect$$rtexit$$00000000)
    __rt_exit_ls                             0x080001ed   Thumb Code     0  rtexit2.o(.ARM.Collect$$rtexit$$00000003)
    __rt_exit_prels_1                        0x080001ed   Thumb Code     0  rtexit2.o(.ARM.Collect$$rtexit$$00000002)
    __rt_exit_exit                           0x080001f1   Thumb Code     0  rtexit2.o(.ARM.Collect$$rtexit$$00000004)
    Reset_Handler                            0x080001f9   Thumb Code     8  startup_stm32f10x_hd.o(.text)
    ADC1_2_IRQHandler                        0x08000213   Thumb Code     0  startup_stm32f10x_hd.o(.text)
    ADC3_IRQHandler                          0x08000213   Thumb Code     0  startup_stm32f10x_hd.o(.text)
    CAN1_RX1_IRQHandler                      0x08000213   Thumb Code     0  startup_stm32f10x_hd.o(.text)
    CAN1_SCE_IRQHandler                      0x08000213   Thumb Code     0  startup_stm32f10x_hd.o(.text)
    DMA1_Channel1_IRQHandler                 0x08000213   Thumb Code     0  startup_stm32f10x_hd.o(.text)
    DMA1_Channel2_IRQHandler                 0x08000213   Thumb Code     0  startup_stm32f10x_hd.o(.text)
    DMA1_Channel3_IRQHandler                 0x08000213   Thumb Code     0  startup_stm32f10x_hd.o(.text)
    DMA1_Channel4_IRQHandler                 0x08000213   Thumb Code     0  startup_stm32f10x_hd.o(.text)
    DMA1_Channel5_IRQHandler                 0x08000213   Thumb Code     0  startup_stm32f10x_hd.o(.text)
    DMA1_Channel6_IRQHandler                 0x08000213   Thumb Code     0  startup_stm32f10x_hd.o(.text)
    DMA1_Channel7_IRQHandler                 0x08000213   Thumb Code     0  startup_stm32f10x_hd.o(.text)
    DMA2_Channel1_IRQHandler                 0x08000213   Thumb Code     0  startup_stm32f10x_hd.o(.text)
    DMA2_Channel2_IRQHandler                 0x08000213   Thumb Code     0  startup_stm32f10x_hd.o(.text)
    DMA2_Channel3_IRQHandler                 0x08000213   Thumb Code     0  startup_stm32f10x_hd.o(.text)
    DMA2_Channel4_5_IRQHandler               0x08000213   Thumb Code     0  startup_stm32f10x_hd.o(.text)
    EXTI0_IRQHandler                         0x08000213   Thumb Code     0  startup_stm32f10x_hd.o(.text)
    EXTI15_10_IRQHandler                     0x08000213   Thumb Code     0  startup_stm32f10x_hd.o(.text)
    EXTI1_IRQHandler                         0x08000213   Thumb Code     0  startup_stm32f10x_hd.o(.text)
    EXTI2_IRQHandler                         0x08000213   Thumb Code     0  startup_stm32f10x_hd.o(.text)
    EXTI3_IRQHandler                         0x08000213   Thumb Code     0  startup_stm32f10x_hd.o(.text)
    EXTI4_IRQHandler                         0x08000213   Thumb Code     0  startup_stm32f10x_hd.o(.text)
    EXTI9_5_IRQHandler                       0x08000213   Thumb Code     0  startup_stm32f10x_hd.o(.text)
    FLASH_IRQHandler                         0x08000213   Thumb Code     0  startup_stm32f10x_hd.o(.text)
    FSMC_IRQHandler                          0x08000213   Thumb Code     0  startup_stm32f10x_hd.o(.text)
    I2C1_ER_IRQHandler                       0x08000213   Thumb Code     0  startup_stm32f10x_hd.o(.text)
    I2C1_EV_IRQHandler                       0x08000213   Thumb Code     0  startup_stm32f10x_hd.o(.text)
    I2C2_ER_IRQHandler                       0x08000213   Thumb Code     0  startup_stm32f10x_hd.o(.text)
    I2C2_EV_IRQHandler                       0x08000213   Thumb Code     0  startup_stm32f10x_hd.o(.text)
    PVD_IRQHandler                           0x08000213   Thumb Code     0  startup_stm32f10x_hd.o(.text)
    RCC_IRQHandler                           0x08000213   Thumb Code     0  startup_stm32f10x_hd.o(.text)
    RTCAlarm_IRQHandler                      0x08000213   Thumb Code     0  startup_stm32f10x_hd.o(.text)
    RTC_IRQHandler                           0x08000213   Thumb Code     0  startup_stm32f10x_hd.o(.text)
    SDIO_IRQHandler                          0x08000213   Thumb Code     0  startup_stm32f10x_hd.o(.text)
    SPI1_IRQHandler                          0x08000213   Thumb Code     0  startup_stm32f10x_hd.o(.text)
    SPI2_IRQHandler                          0x08000213   Thumb Code     0  startup_stm32f10x_hd.o(.text)
    SPI3_IRQHandler                          0x08000213   Thumb Code     0  startup_stm32f10x_hd.o(.text)
    TAMPER_IRQHandler                        0x08000213   Thumb Code     0  startup_stm32f10x_hd.o(.text)
    TIM1_BRK_IRQHandler                      0x08000213   Thumb Code     0  startup_stm32f10x_hd.o(.text)
    TIM1_CC_IRQHandler                       0x08000213   Thumb Code     0  startup_stm32f10x_hd.o(.text)
    TIM1_TRG_COM_IRQHandler                  0x08000213   Thumb Code     0  startup_stm32f10x_hd.o(.text)
    TIM1_UP_IRQHandler                       0x08000213   Thumb Code     0  startup_stm32f10x_hd.o(.text)
    TIM2_IRQHandler                          0x08000213   Thumb Code     0  startup_stm32f10x_hd.o(.text)
    TIM4_IRQHandler                          0x08000213   Thumb Code     0  startup_stm32f10x_hd.o(.text)
    TIM5_IRQHandler                          0x08000213   Thumb Code     0  startup_stm32f10x_hd.o(.text)
    TIM6_IRQHandler                          0x08000213   Thumb Code     0  startup_stm32f10x_hd.o(.text)
    TIM7_IRQHandler                          0x08000213   Thumb Code     0  startup_stm32f10x_hd.o(.text)
    TIM8_BRK_IRQHandler                      0x08000213   Thumb Code     0  startup_stm32f10x_hd.o(.text)
    TIM8_CC_IRQHandler                       0x08000213   Thumb Code     0  startup_stm32f10x_hd.o(.text)
    TIM8_TRG_COM_IRQHandler                  0x08000213   Thumb Code     0  startup_stm32f10x_hd.o(.text)
    TIM8_UP_IRQHandler                       0x08000213   Thumb Code     0  startup_stm32f10x_hd.o(.text)
    UART4_IRQHandler                         0x08000213   Thumb Code     0  startup_stm32f10x_hd.o(.text)
    UART5_IRQHandler                         0x08000213   Thumb Code     0  startup_stm32f10x_hd.o(.text)
    USART2_IRQHandler                        0x08000213   Thumb Code     0  startup_stm32f10x_hd.o(.text)
    USART3_IRQHandler                        0x08000213   Thumb Code     0  startup_stm32f10x_hd.o(.text)
    USBWakeUp_IRQHandler                     0x08000213   Thumb Code     0  startup_stm32f10x_hd.o(.text)
    USB_HP_CAN1_TX_IRQHandler                0x08000213   Thumb Code     0  startup_stm32f10x_hd.o(.text)
    USB_LP_CAN1_RX0_IRQHandler               0x08000213   Thumb Code     0  startup_stm32f10x_hd.o(.text)
    WWDG_IRQHandler                          0x08000213   Thumb Code     0  startup_stm32f10x_hd.o(.text)
    __user_initial_stackheap                 0x08000215   Thumb Code     0  startup_stm32f10x_hd.o(.text)
    __use_no_semihosting                     0x08000239   Thumb Code     2  use_no_semi_2.o(.text)
    __2printf                                0x0800023d   Thumb Code    20  noretval__2printf.o(.text)
    _printf_int_dec                          0x08000255   Thumb Code   104  _printf_dec.o(.text)
    __printf                                 0x080002cd   Thumb Code   270  __printf_wp.o(.text)
    atoi                                     0x080003db   Thumb Code    26  atoi.o(.text)
    strstr                                   0x080003f5   Thumb Code    36  strstr.o(.text)
    __use_two_region_memory                  0x08000419   Thumb Code     2  heapauxi.o(.text)
    __rt_heap_escrow$2region                 0x0800041b   Thumb Code     2  heapauxi.o(.text)
    __rt_heap_expand$2region                 0x0800041d   Thumb Code     2  heapauxi.o(.text)
    __I$use$semihosting                      0x0800041f   Thumb Code     0  use_no_semi.o(.text)
    __use_no_semihosting_swi                 0x0800041f   Thumb Code     2  use_no_semi.o(.text)
    __aeabi_errno_addr                       0x08000421   Thumb Code     8  rt_errno_addr_intlibspace.o(.text)
    __errno$intlibspace                      0x08000421   Thumb Code     0  rt_errno_addr_intlibspace.o(.text)
    __rt_errno_addr$intlibspace              0x08000421   Thumb Code     0  rt_errno_addr_intlibspace.o(.text)
    __read_errno                             0x08000429   Thumb Code    10  _rserrno.o(.text)
    __set_errno                              0x08000433   Thumb Code    12  _rserrno.o(.text)
    _printf_int_common                       0x0800043f   Thumb Code   178  _printf_intcommon.o(.text)
    __lib_sel_fp_printf                      0x080004f1   Thumb Code     2  _printf_fp_dec.o(.text)
    _printf_fp_dec_real                      0x080006a3   Thumb Code   620  _printf_fp_dec.o(.text)
    _printf_char_file                        0x08000911   Thumb Code    32  _printf_char_file.o(.text)
    __strtod_int                             0x08000971   Thumb Code    90  strtod.o(.text)
    strtol                                   0x080009d9   Thumb Code   112  strtol.o(.text)
    __user_libspace                          0x08000a49   Thumb Code     8  libspace.o(.text)
    __user_perproc_libspace                  0x08000a49   Thumb Code     0  libspace.o(.text)
    __user_perthread_libspace                0x08000a49   Thumb Code     0  libspace.o(.text)
    __rt_ctype_table                         0x08000a51   Thumb Code    16  rt_ctype_table.o(.text)
    __rt_locale                              0x08000a61   Thumb Code     8  rt_locale_intlibspace.o(.text)
    _ll_udiv10                               0x08000a69   Thumb Code   138  lludiv10.o(.text)
    isspace                                  0x08000af3   Thumb Code    18  isspace.o(.text)
    _printf_char_common                      0x08000b0f   Thumb Code    32  _printf_char_common.o(.text)
    _printf_fp_infnan                        0x08000b35   Thumb Code   112  _printf_fp_infnan.o(.text)
    _sgetc                                   0x08000bb5   Thumb Code    30  _sgetc.o(.text)
    _sbackspace                              0x08000bd3   Thumb Code    34  _sgetc.o(.text)
    _strtoul                                 0x08000bf5   Thumb Code   158  _strtoul.o(.text)
    _btod_etento                             0x08000c95   Thumb Code   224  bigflt0.o(.text)
    ferror                                   0x08000d79   Thumb Code     8  ferror.o(.text)
    __user_setup_stackheap                   0x08000d81   Thumb Code    74  sys_stackheap_outer.o(.text)
    _chval                                   0x08000dcb   Thumb Code    28  _chval.o(.text)
    _scanf_really_real                       0x08001035   Thumb Code   684  scanf_fp.o(.text)
    exit                                     0x080012e1   Thumb Code    18  exit.o(.text)
    strcmp                                   0x080012f5   Thumb Code   128  strcmpv7m.o(.text)
    _scanf_really_hex_real                   0x08001375   Thumb Code   786  scanf_hexfp.o(.text)
    _scanf_really_infnan                     0x08001695   Thumb Code   292  scanf_infnan.o(.text)
    __aeabi_llsl                             0x080017c9   Thumb Code     0  llshl.o(.text)
    _ll_shift_l                              0x080017c9   Thumb Code    38  llshl.o(.text)
    _btod_d2e                                0x080017ef   Thumb Code    62  btod.o(CL$$btod_d2e)
    _d2e_denorm_low                          0x0800182d   Thumb Code    70  btod.o(CL$$btod_d2e_denorm_low)
    _d2e_norm_op1                            0x08001873   Thumb Code    96  btod.o(CL$$btod_d2e_norm_op1)
    __btod_div_common                        0x080018d3   Thumb Code   696  btod.o(CL$$btod_div_common)
    _e2d                                     0x08001c0d   Thumb Code   122  btod.o(CL$$btod_e2d)
    _e2e                                     0x08001c91   Thumb Code   220  btod.o(CL$$btod_e2e)
    _btod_ediv                               0x08001d6d   Thumb Code    42  btod.o(CL$$btod_ediv)
    _btod_edivd                              0x08001d97   Thumb Code    42  btod.o(CL$$btod_edivd)
    _btod_emul                               0x08001dc1   Thumb Code    42  btod.o(CL$$btod_emul)
    _btod_emuld                              0x08001deb   Thumb Code    42  btod.o(CL$$btod_emuld)
    __btod_mult_common                       0x08001e15   Thumb Code   580  btod.o(CL$$btod_mult_common)
    Address_set                              0x08002059   Thumb Code   190  tft.o(i.Address_set)
    BusFault_Handler                         0x0800211d   Thumb Code     4  stm32f10x_it.o(i.BusFault_Handler)
    DAC8552_GPIO_Init                        0x08002121   Thumb Code    62  dac8552.o(i.DAC8552_GPIO_Init)
    DAC8552_Write_CHA                        0x08002165   Thumb Code    14  dac8552.o(i.DAC8552_Write_CHA)
    DAC8552_Write_Reg                        0x08002175   Thumb Code    76  dac8552.o(i.DAC8552_Write_Reg)
    DebugMon_Handler                         0x080021c5   Thumb Code     2  stm32f10x_it.o(i.DebugMon_Handler)
    GPIO_Init                                0x080021c7   Thumb Code   278  stm32f10x_gpio.o(i.GPIO_Init)
    GPIO_PinRemapConfig                      0x080022dd   Thumb Code   138  stm32f10x_gpio.o(i.GPIO_PinRemapConfig)
    GPIO_ResetBits                           0x0800236d   Thumb Code     4  stm32f10x_gpio.o(i.GPIO_ResetBits)
    GPIO_SetBits                             0x08002371   Thumb Code     4  stm32f10x_gpio.o(i.GPIO_SetBits)
    GUI_Clear                                0x08002375   Thumb Code    56  gui.o(i.GUI_Clear)
    GUI_number                               0x080023ad   Thumb Code   220  gui.o(i.GUI_number)
    GUI_sprintf_char                         0x08002489   Thumb Code   260  gui.o(i.GUI_sprintf_char)
    GUI_sprintf_hzstr16x                     0x08002591   Thumb Code    64  gui.o(i.GUI_sprintf_hzstr16x)
    HardFault_Handler                        0x080025d1   Thumb Code     4  stm32f10x_it.o(i.HardFault_Handler)
    KEY_Init                                 0x080025d5   Thumb Code    52  key.o(i.KEY_Init)
    LCD_ReadReg                              0x08002611   Thumb Code    90  tft.o(i.LCD_ReadReg)
    LED_Init                                 0x08002671   Thumb Code    46  led.o(i.LED_Init)
    Lcd_GPIO_Init                            0x080026a5   Thumb Code    88  tft.o(i.Lcd_GPIO_Init)
    Lcd_Init                                 0x0800270d   Thumb Code  1174  tft.o(i.Lcd_Init)
    Lcd_WR_Reg                               0x08002ba3   Thumb Code    30  tft.o(i.Lcd_WR_Reg)
    Lcd_WriteReg                             0x08002bc1   Thumb Code    20  tft.o(i.Lcd_WriteReg)
    Lcd_Write_Data                           0x08002bd5   Thumb Code    30  tft.o(i.Lcd_Write_Data)
    MemManage_Handler                        0x08002bf3   Thumb Code     4  stm32f10x_it.o(i.MemManage_Handler)
    NMI_Handler                              0x08002bf7   Thumb Code     2  stm32f10x_it.o(i.NMI_Handler)
    NVIC_Init                                0x08002bf9   Thumb Code   100  misc.o(i.NVIC_Init)
    NVIC_PriorityGroupConfig                 0x08002c69   Thumb Code    10  misc.o(i.NVIC_PriorityGroupConfig)
    PendSV_Handler                           0x08002c7d   Thumb Code     2  stm32f10x_it.o(i.PendSV_Handler)
    RCC_APB1PeriphClockCmd                   0x08002c81   Thumb Code    26  stm32f10x_rcc.o(i.RCC_APB1PeriphClockCmd)
    RCC_APB2PeriphClockCmd                   0x08002ca1   Thumb Code    26  stm32f10x_rcc.o(i.RCC_APB2PeriphClockCmd)
    RCC_GetClocksFreq                        0x08002cc1   Thumb Code   192  stm32f10x_rcc.o(i.RCC_GetClocksFreq)
    SVC_Handler                              0x08002d95   Thumb Code     2  stm32f10x_it.o(i.SVC_Handler)
    SysTick_CLKSourceConfig                  0x08002e81   Thumb Code    40  misc.o(i.SysTick_CLKSourceConfig)
    SysTick_Handler                          0x08002ea9   Thumb Code     2  stm32f10x_it.o(i.SysTick_Handler)
    SystemInit                               0x08002ead   Thumb Code    78  system_stm32f10x.o(i.SystemInit)
    TFT_CS                                   0x08002f0d   Thumb Code    34  tft.o(i.TFT_CS)
    TFT_DATA                                 0x08002f35   Thumb Code    14  tft.o(i.TFT_DATA)
    TFT_RD                                   0x08002f49   Thumb Code    38  tft.o(i.TFT_RD)
    TFT_RS                                   0x08002f75   Thumb Code    34  tft.o(i.TFT_RS)
    TFT_WR                                   0x08002f9d   Thumb Code    34  tft.o(i.TFT_WR)
    TIM3_IRQHandler                          0x08002fc5   Thumb Code    22  time.o(i.TIM3_IRQHandler)
    TIM3_init                                0x08002fe1   Thumb Code    92  time.o(i.TIM3_init)
    TIM_ClearITPendingBit                    0x08003041   Thumb Code     6  stm32f10x_tim.o(i.TIM_ClearITPendingBit)
    TIM_Cmd                                  0x08003047   Thumb Code    24  stm32f10x_tim.o(i.TIM_Cmd)
    TIM_GetCounter                           0x0800305f   Thumb Code     6  stm32f10x_tim.o(i.TIM_GetCounter)
    TIM_GetITStatus                          0x08003065   Thumb Code    34  stm32f10x_tim.o(i.TIM_GetITStatus)
    TIM_ITConfig                             0x08003087   Thumb Code    18  stm32f10x_tim.o(i.TIM_ITConfig)
    TIM_TimeBaseInit                         0x08003099   Thumb Code   122  stm32f10x_tim.o(i.TIM_TimeBaseInit)
    USART1_IRQHandler                        0x0800313d   Thumb Code   122  usart.o(i.USART1_IRQHandler)
    USART_Cmd                                0x080031c5   Thumb Code    24  stm32f10x_usart.o(i.USART_Cmd)
    USART_GetITStatus                        0x080031dd   Thumb Code    84  stm32f10x_usart.o(i.USART_GetITStatus)
    USART_ITConfig                           0x08003231   Thumb Code    74  stm32f10x_usart.o(i.USART_ITConfig)
    USART_Init                               0x0800327d   Thumb Code   210  stm32f10x_usart.o(i.USART_Init)
    USART_ReceiveData                        0x08003355   Thumb Code    10  stm32f10x_usart.o(i.USART_ReceiveData)
    UsageFault_Handler                       0x0800335f   Thumb Code     4  stm32f10x_it.o(i.UsageFault_Handler)
    __ARM_fpclassify                         0x08003363   Thumb Code    40  fpclassify.o(i.__ARM_fpclassify)
    __ieee754_rem_pio2                       0x0800338d   Thumb Code   828  rred.o(i.__ieee754_rem_pio2)
    __kernel_cos                             0x08003715   Thumb Code   230  cos_i.o(i.__kernel_cos)
    __kernel_poly                            0x08003811   Thumb Code   170  poly.o(i.__kernel_poly)
    __kernel_sin                             0x080038bd   Thumb Code   224  sin_i.o(i.__kernel_sin)
    __mathlib_dbl_infnan                     0x080039a9   Thumb Code     6  dunder.o(i.__mathlib_dbl_infnan)
    __mathlib_dbl_invalid                    0x080039af   Thumb Code    12  dunder.o(i.__mathlib_dbl_invalid)
    __mathlib_dbl_overflow                   0x080039bb   Thumb Code    14  dunder.o(i.__mathlib_dbl_overflow)
    __mathlib_dbl_underflow                  0x080039c9   Thumb Code    10  dunder.o(i.__mathlib_dbl_underflow)
    __mathlib_narrow                         0x080039d9   Thumb Code    16  narrow.o(i.__mathlib_narrow)
    __mathlib_tofloat                        0x080039e9   Thumb Code   184  narrow.o(i.__mathlib_tofloat)
    __support_ldexp                          0x08003aa5   Thumb Code    22  ldexp.o(i.__support_ldexp)
    _is_digit                                0x08003abb   Thumb Code    14  __printf_wp.o(i._is_digit)
    _sys_exit                                0x08003ac9   Thumb Code     6  usart.o(i._sys_exit)
    atof                                     0x08003acf   Thumb Code    42  atof.o(i.atof)
    delay_init                               0x08003af9   Thumb Code    50  delay.o(i.delay_init)
    delay_ms                                 0x08003b3d   Thumb Code    72  delay.o(i.delay_ms)
    delay_us                                 0x08003b89   Thumb Code    72  delay.o(i.delay_us)
    fputc                                    0x08003bd5   Thumb Code    24  usart.o(i.fputc)
    frexp                                    0x08003bf1   Thumb Code    80  frexp.o(i.frexp)
    ldexp                                    0x08003c49   Thumb Code   116  ldexp.o(i.ldexp)
    main                                     0x08003cbd   Thumb Code   956  main.o(i.main)
    sin                                      0x08004159   Thumb Code   150  sin.o(i.sin)
    uart_init                                0x080041f9   Thumb Code   152  usart.o(i.uart_init)
    wave_init                                0x08004299   Thumb Code   598  time.o(i.wave_init)
    _get_lc_numeric                          0x080045b1   Thumb Code    44  lc_numeric_c.o(locale$$code)
    _get_lc_ctype                            0x080045dd   Thumb Code    44  lc_ctype_c.o(locale$$code)
    __aeabi_d2f                              0x08004609   Thumb Code     0  d2f.o(x$fpl$d2f)
    _d2f                                     0x08004609   Thumb Code    98  d2f.o(x$fpl$d2f)
    __aeabi_dadd                             0x0800466d   Thumb Code     0  daddsub_clz.o(x$fpl$dadd)
    _dadd                                    0x0800466d   Thumb Code   332  daddsub_clz.o(x$fpl$dadd)
    __fpl_dcheck_NaN1                        0x080047bd   Thumb Code    10  dcheck1.o(x$fpl$dcheck1)
    __fpl_dcmp_Inf                           0x080047cd   Thumb Code    24  dcmpi.o(x$fpl$dcmpinf)
    __aeabi_ddiv                             0x080047e5   Thumb Code     0  ddiv.o(x$fpl$ddiv)
    _ddiv                                    0x080047e5   Thumb Code   552  ddiv.o(x$fpl$ddiv)
    __aeabi_cdcmpeq                          0x08004a95   Thumb Code     0  deqf.o(x$fpl$deqf)
    _dcmpeq                                  0x08004a95   Thumb Code   120  deqf.o(x$fpl$deqf)
    __aeabi_d2iz                             0x08004b0d   Thumb Code     0  dfix.o(x$fpl$dfix)
    _dfix                                    0x08004b0d   Thumb Code    94  dfix.o(x$fpl$dfix)
    __aeabi_i2d                              0x08004b6b   Thumb Code     0  dflt_clz.o(x$fpl$dflt)
    _dflt                                    0x08004b6b   Thumb Code    46  dflt_clz.o(x$fpl$dflt)
    __aeabi_ui2d                             0x08004b99   Thumb Code     0  dflt_clz.o(x$fpl$dfltu)
    _dfltu                                   0x08004b99   Thumb Code    38  dflt_clz.o(x$fpl$dfltu)
    __aeabi_cdcmple                          0x08004bc1   Thumb Code     0  dleqf.o(x$fpl$dleqf)
    _dcmple                                  0x08004bc1   Thumb Code   120  dleqf.o(x$fpl$dleqf)
    __fpl_dcmple_InfNaN                      0x08004c23   Thumb Code     0  dleqf.o(x$fpl$dleqf)
    __aeabi_dmul                             0x08004c39   Thumb Code     0  dmul.o(x$fpl$dmul)
    _dmul                                    0x08004c39   Thumb Code   332  dmul.o(x$fpl$dmul)
    __fpl_dnaninf                            0x08004d8d   Thumb Code   156  dnaninf.o(x$fpl$dnaninf)
    __fpl_dretinf                            0x08004e29   Thumb Code    12  dretinf.o(x$fpl$dretinf)
    __aeabi_cdrcmple                         0x08004e35   Thumb Code     0  drleqf.o(x$fpl$drleqf)
    _drcmple                                 0x08004e35   Thumb Code   108  drleqf.o(x$fpl$drleqf)
    __aeabi_drsub                            0x08004ea1   Thumb Code     0  daddsub_clz.o(x$fpl$drsb)
    _drsb                                    0x08004ea1   Thumb Code    22  daddsub_clz.o(x$fpl$drsb)
    __aeabi_dsub                             0x08004eb9   Thumb Code     0  daddsub_clz.o(x$fpl$dsub)
    _dsub                                    0x08004eb9   Thumb Code   464  daddsub_clz.o(x$fpl$dsub)
    __aeabi_f2d                              0x0800508d   Thumb Code     0  f2d.o(x$fpl$f2d)
    _f2d                                     0x0800508d   Thumb Code    86  f2d.o(x$fpl$f2d)
    __aeabi_fadd                             0x080050e5   Thumb Code     0  faddsub_clz.o(x$fpl$fadd)
    _fadd                                    0x080050e5   Thumb Code   196  faddsub_clz.o(x$fpl$fadd)
    __aeabi_fdiv                             0x080051a9   Thumb Code     0  fdiv.o(x$fpl$fdiv)
    _fdiv                                    0x080051a9   Thumb Code   384  fdiv.o(x$fpl$fdiv)
    __aeabi_f2iz                             0x0800532d   Thumb Code     0  ffix.o(x$fpl$ffix)
    _ffix                                    0x0800532d   Thumb Code    54  ffix.o(x$fpl$ffix)
    __aeabi_f2uiz                            0x08005365   Thumb Code     0  ffixu.o(x$fpl$ffixu)
    _ffixu                                   0x08005365   Thumb Code    62  ffixu.o(x$fpl$ffixu)
    __aeabi_i2f                              0x080053a5   Thumb Code     0  fflt_clz.o(x$fpl$fflt)
    _fflt                                    0x080053a5   Thumb Code    48  fflt_clz.o(x$fpl$fflt)
    __aeabi_ui2f                             0x080053d5   Thumb Code     0  fflt_clz.o(x$fpl$ffltu)
    _ffltu                                   0x080053d5   Thumb Code    38  fflt_clz.o(x$fpl$ffltu)
    __aeabi_fmul                             0x080053fd   Thumb Code     0  fmul.o(x$fpl$fmul)
    _fmul                                    0x080053fd   Thumb Code   258  fmul.o(x$fpl$fmul)
    __fpl_fnaninf                            0x080054ff   Thumb Code   140  fnaninf.o(x$fpl$fnaninf)
    __fpl_fretinf                            0x0800558b   Thumb Code    10  fretinf.o(x$fpl$fretinf)
    __aeabi_fsub                             0x08005595   Thumb Code     0  faddsub_clz.o(x$fpl$fsub)
    _fsub                                    0x08005595   Thumb Code   234  faddsub_clz.o(x$fpl$fsub)
    __ieee_status                            0x0800567f   Thumb Code     6  istatus.o(x$fpl$ieeestatus)
    _printf_fp_dec                           0x08005685   Thumb Code     4  printf1.o(x$fpl$printf1)
    __fpl_return_NaN                         0x08005689   Thumb Code   100  retnan.o(x$fpl$retnan)
    __ARM_scalbn                             0x080056ed   Thumb Code    92  scalbn.o(x$fpl$scalbn)
    _scanf_real                              0x08005749   Thumb Code     4  scanf1.o(x$fpl$scanf1)
    _scanf_hex_real                          0x0800574d   Thumb Code     4  scanf2.o(x$fpl$scanf2)
    _scanf_infnan                            0x08005751   Thumb Code     4  scanf2.o(x$fpl$scanf2)
    __fpl_cmpreturn                          0x08005755   Thumb Code    48  trapv.o(x$fpl$trapveneer)
    __I$use$fp                               0x08005784   Number         0  usenofp.o(x$fpl$usenofp)
    zifu816                                  0x08005784   Data        1552  gui.o(.constdata)
    Region$$Table$$Base                      0x08005f4c   Number         0  anon$$obj.o(Region$$Table)
    Region$$Table$$Limit                     0x08005f6c   Number         0  anon$$obj.o(Region$$Table)
    __aeabi_HUGE_VAL                         0x08005f6c   Data           0  fpconst.o(c$$dinf)
    __aeabi_HUGE_VALL                        0x08005f6c   Data           0  fpconst.o(c$$dinf)
    __aeabi_INFINITY                         0x08005f6c   Data           0  fpconst.o(c$$dinf)
    __dInf                                   0x08005f6c   Data           0  fpconst.o(c$$dinf)
    __huge_val                               0x08005f6c   Data           0  fpconst.o(c$$dinf)
    __dbl_max                                0x08005f74   Data           0  fpconst.o(c$$dmax)
    __ctype                                  0x08005fa5   Data           0  lc_ctype_c.o(locale$$data)
    SystemCoreClock                          0x20000000   Data           4  system_stm32f10x.o(.data)
    AHBPrescTable                            0x20000004   Data          16  system_stm32f10x.o(.data)
    __stdout                                 0x20000018   Data           4  usart.o(.data)
    USART_RX_STA                             0x2000001c   Data           2  usart.o(.data)
    tri_or_sin                               0x20000020   Data           4  usart.o(.data)
    wave_voltage                             0x20000024   Data           4  usart.o(.data)
    wave_frequency                           0x20000028   Data           4  usart.o(.data)
    change_flag                              0x2000002c   Data           4  usart.o(.data)
    char_a                                   0x20000030   Data           4  usart.o(.data)
    lcd_id                                   0x20000048   Data           2  tft.o(.data)
    wave_fre_div                             0x20000050   Data           8  time.o(.data)
    wave_timer                               0x20000058   Data           4  time.o(.data)
    wave_start                               0x2000005c   Data           4  time.o(.data)
    USART_RX_BUF                             0x20000060   Data         200  usart.o(.bss)
    __libspace_start                         0x20000128   Data          96  libspace.o(.bss)
    __temporary_stack_top$libspace           0x20000188   Data           0  libspace.o(.bss)



==============================================================================

Memory Map of the image

  Image Entry point : 0x080001f9

  Load Region LR_1 (Base: 0x08000000, Size: 0x00006108, Max: 0xffffffff, ABSOLUTE)

    Execution Region ER_RO (Exec base: 0x08000000, Load base: 0x08000000, Size: 0x000060a8, Max: 0xffffffff, ABSOLUTE)

    Exec Addr    Load Addr    Size         Type   Attr      Idx    E Section Name        Object

    0x08000000   0x08000000   0x00000130   Data   RO          384    RESET               startup_stm32f10x_hd.o
    0x08000130   0x08000130   0x00000008   Code   RO         3624  * !!!main             c_w.l(__main.o)
    0x08000138   0x08000138   0x00000034   Code   RO         4025    !!!scatter          c_w.l(__scatter.o)
    0x0800016c   0x0800016c   0x0000001a   Code   RO         4027    !!handler_copy      c_w.l(__scatter_copy.o)
    0x08000186   0x08000186   0x00000002   PAD
    0x08000188   0x08000188   0x0000001c   Code   RO         4029    !!handler_zi        c_w.l(__scatter_zi.o)
    0x080001a4   0x080001a4   0x00000000   Code   RO         3617    .ARM.Collect$$_printf_percent$$00000000  c_w.l(_printf_percent.o)
    0x080001a4   0x080001a4   0x00000006   Code   RO         3616    .ARM.Collect$$_printf_percent$$00000003  c_w.l(_printf_f.o)
    0x080001aa   0x080001aa   0x00000006   Code   RO         3615    .ARM.Collect$$_printf_percent$$00000009  c_w.l(_printf_d.o)
    0x080001b0   0x080001b0   0x00000004   Code   RO         3708    .ARM.Collect$$_printf_percent$$00000017  c_w.l(_printf_percent_end.o)
    0x080001b4   0x080001b4   0x00000002   Code   RO         3849    .ARM.Collect$$libinit$$00000000  c_w.l(libinit.o)
    0x080001b6   0x080001b6   0x00000000   Code   RO         3851    .ARM.Collect$$libinit$$00000002  c_w.l(libinit2.o)
    0x080001b6   0x080001b6   0x00000000   Code   RO         3853    .ARM.Collect$$libinit$$00000004  c_w.l(libinit2.o)
    0x080001b6   0x080001b6   0x00000000   Code   RO         3856    .ARM.Collect$$libinit$$0000000A  c_w.l(libinit2.o)
    0x080001b6   0x080001b6   0x00000000   Code   RO         3858    .ARM.Collect$$libinit$$0000000C  c_w.l(libinit2.o)
    0x080001b6   0x080001b6   0x00000000   Code   RO         3860    .ARM.Collect$$libinit$$0000000E  c_w.l(libinit2.o)
    0x080001b6   0x080001b6   0x00000006   Code   RO         3861    .ARM.Collect$$libinit$$0000000F  c_w.l(libinit2.o)
    0x080001bc   0x080001bc   0x00000000   Code   RO         3863    .ARM.Collect$$libinit$$00000011  c_w.l(libinit2.o)
    0x080001bc   0x080001bc   0x0000000c   Code   RO         3864    .ARM.Collect$$libinit$$00000012  c_w.l(libinit2.o)
    0x080001c8   0x080001c8   0x00000000   Code   RO         3865    .ARM.Collect$$libinit$$00000013  c_w.l(libinit2.o)
    0x080001c8   0x080001c8   0x00000000   Code   RO         3867    .ARM.Collect$$libinit$$00000015  c_w.l(libinit2.o)
    0x080001c8   0x080001c8   0x0000000a   Code   RO         3868    .ARM.Collect$$libinit$$00000016  c_w.l(libinit2.o)
    0x080001d2   0x080001d2   0x00000000   Code   RO         3869    .ARM.Collect$$libinit$$00000017  c_w.l(libinit2.o)
    0x080001d2   0x080001d2   0x00000000   Code   RO         3871    .ARM.Collect$$libinit$$00000019  c_w.l(libinit2.o)
    0x080001d2   0x080001d2   0x00000000   Code   RO         3873    .ARM.Collect$$libinit$$0000001B  c_w.l(libinit2.o)
    0x080001d2   0x080001d2   0x00000000   Code   RO         3875    .ARM.Collect$$libinit$$0000001D  c_w.l(libinit2.o)
    0x080001d2   0x080001d2   0x00000000   Code   RO         3877    .ARM.Collect$$libinit$$0000001F  c_w.l(libinit2.o)
    0x080001d2   0x080001d2   0x00000000   Code   RO         3879    .ARM.Collect$$libinit$$00000021  c_w.l(libinit2.o)
    0x080001d2   0x080001d2   0x00000000   Code   RO         3881    .ARM.Collect$$libinit$$00000023  c_w.l(libinit2.o)
    0x080001d2   0x080001d2   0x00000000   Code   RO         3883    .ARM.Collect$$libinit$$00000025  c_w.l(libinit2.o)
    0x080001d2   0x080001d2   0x00000000   Code   RO         3887    .ARM.Collect$$libinit$$0000002C  c_w.l(libinit2.o)
    0x080001d2   0x080001d2   0x00000000   Code   RO         3889    .ARM.Collect$$libinit$$0000002E  c_w.l(libinit2.o)
    0x080001d2   0x080001d2   0x00000000   Code   RO         3891    .ARM.Collect$$libinit$$00000030  c_w.l(libinit2.o)
    0x080001d2   0x080001d2   0x00000000   Code   RO         3893    .ARM.Collect$$libinit$$00000032  c_w.l(libinit2.o)
    0x080001d2   0x080001d2   0x00000002   Code   RO         3894    .ARM.Collect$$libinit$$00000033  c_w.l(libinit2.o)
    0x080001d4   0x080001d4   0x00000002   Code   RO         3958    .ARM.Collect$$libshutdown$$00000000  c_w.l(libshutdown.o)
    0x080001d6   0x080001d6   0x00000000   Code   RO         3983    .ARM.Collect$$libshutdown$$00000002  c_w.l(libshutdown2.o)
    0x080001d6   0x080001d6   0x00000000   Code   RO         3985    .ARM.Collect$$libshutdown$$00000004  c_w.l(libshutdown2.o)
    0x080001d6   0x080001d6   0x00000000   Code   RO         3988    .ARM.Collect$$libshutdown$$00000007  c_w.l(libshutdown2.o)
    0x080001d6   0x080001d6   0x00000000   Code   RO         3991    .ARM.Collect$$libshutdown$$0000000A  c_w.l(libshutdown2.o)
    0x080001d6   0x080001d6   0x00000000   Code   RO         3993    .ARM.Collect$$libshutdown$$0000000C  c_w.l(libshutdown2.o)
    0x080001d6   0x080001d6   0x00000000   Code   RO         3996    .ARM.Collect$$libshutdown$$0000000F  c_w.l(libshutdown2.o)
    0x080001d6   0x080001d6   0x00000002   Code   RO         3997    .ARM.Collect$$libshutdown$$00000010  c_w.l(libshutdown2.o)
    0x080001d8   0x080001d8   0x00000000   Code   RO         3694    .ARM.Collect$$rtentry$$00000000  c_w.l(__rtentry.o)
    0x080001d8   0x080001d8   0x00000000   Code   RO         3754    .ARM.Collect$$rtentry$$00000002  c_w.l(__rtentry2.o)
    0x080001d8   0x080001d8   0x00000006   Code   RO         3766    .ARM.Collect$$rtentry$$00000004  c_w.l(__rtentry4.o)
    0x080001de   0x080001de   0x00000000   Code   RO         3756    .ARM.Collect$$rtentry$$00000009  c_w.l(__rtentry2.o)
    0x080001de   0x080001de   0x00000004   Code   RO         3757    .ARM.Collect$$rtentry$$0000000A  c_w.l(__rtentry2.o)
    0x080001e2   0x080001e2   0x00000000   Code   RO         3759    .ARM.Collect$$rtentry$$0000000C  c_w.l(__rtentry2.o)
    0x080001e2   0x080001e2   0x00000008   Code   RO         3760    .ARM.Collect$$rtentry$$0000000D  c_w.l(__rtentry2.o)
    0x080001ea   0x080001ea   0x00000002   Code   RO         3897    .ARM.Collect$$rtexit$$00000000  c_w.l(rtexit.o)
    0x080001ec   0x080001ec   0x00000000   Code   RO         3922    .ARM.Collect$$rtexit$$00000002  c_w.l(rtexit2.o)
    0x080001ec   0x080001ec   0x00000004   Code   RO         3923    .ARM.Collect$$rtexit$$00000003  c_w.l(rtexit2.o)
    0x080001f0   0x080001f0   0x00000006   Code   RO         3924    .ARM.Collect$$rtexit$$00000004  c_w.l(rtexit2.o)
    0x080001f6   0x080001f6   0x00000002   PAD
    0x080001f8   0x080001f8   0x00000040   Code   RO          385  * .text               startup_stm32f10x_hd.o
    0x08000238   0x08000238   0x00000002   Code   RO         3585    .text               c_w.l(use_no_semi_2.o)
    0x0800023a   0x0800023a   0x00000002   PAD
    0x0800023c   0x0800023c   0x00000018   Code   RO         3589    .text               c_w.l(noretval__2printf.o)
    0x08000254   0x08000254   0x00000078   Code   RO         3593    .text               c_w.l(_printf_dec.o)
    0x080002cc   0x080002cc   0x0000010e   Code   RO         3603    .text               c_w.l(__printf_wp.o)
    0x080003da   0x080003da   0x0000001a   Code   RO         3618    .text               c_w.l(atoi.o)
    0x080003f4   0x080003f4   0x00000024   Code   RO         3620    .text               c_w.l(strstr.o)
    0x08000418   0x08000418   0x00000006   Code   RO         3622    .text               c_w.l(heapauxi.o)
    0x0800041e   0x0800041e   0x00000002   Code   RO         3692    .text               c_w.l(use_no_semi.o)
    0x08000420   0x08000420   0x00000008   Code   RO         3698    .text               c_w.l(rt_errno_addr_intlibspace.o)
    0x08000428   0x08000428   0x00000016   Code   RO         3700    .text               c_w.l(_rserrno.o)
    0x0800043e   0x0800043e   0x000000b2   Code   RO         3702    .text               c_w.l(_printf_intcommon.o)
    0x080004f0   0x080004f0   0x0000041e   Code   RO         3704    .text               c_w.l(_printf_fp_dec.o)
    0x0800090e   0x0800090e   0x00000002   PAD
    0x08000910   0x08000910   0x00000024   Code   RO         3706    .text               c_w.l(_printf_char_file.o)
    0x08000934   0x08000934   0x000000a4   Code   RO         3709    .text               c_w.l(strtod.o)
    0x080009d8   0x080009d8   0x00000070   Code   RO         3711    .text               c_w.l(strtol.o)
    0x08000a48   0x08000a48   0x00000008   Code   RO         3750    .text               c_w.l(libspace.o)
    0x08000a50   0x08000a50   0x00000010   Code   RO         3768    .text               c_w.l(rt_ctype_table.o)
    0x08000a60   0x08000a60   0x00000008   Code   RO         3773    .text               c_w.l(rt_locale_intlibspace.o)
    0x08000a68   0x08000a68   0x0000008a   Code   RO         3775    .text               c_w.l(lludiv10.o)
    0x08000af2   0x08000af2   0x00000012   Code   RO         3777    .text               c_w.l(isspace.o)
    0x08000b04   0x08000b04   0x00000030   Code   RO         3779    .text               c_w.l(_printf_char_common.o)
    0x08000b34   0x08000b34   0x00000080   Code   RO         3781    .text               c_w.l(_printf_fp_infnan.o)
    0x08000bb4   0x08000bb4   0x00000040   Code   RO         3783    .text               c_w.l(_sgetc.o)
    0x08000bf4   0x08000bf4   0x0000009e   Code   RO         3785    .text               c_w.l(_strtoul.o)
    0x08000c92   0x08000c92   0x00000002   PAD
    0x08000c94   0x08000c94   0x000000e4   Code   RO         3787    .text               c_w.l(bigflt0.o)
    0x08000d78   0x08000d78   0x00000008   Code   RO         3812    .text               c_w.l(ferror.o)
    0x08000d80   0x08000d80   0x0000004a   Code   RO         3829    .text               c_w.l(sys_stackheap_outer.o)
    0x08000dca   0x08000dca   0x0000001c   Code   RO         3833    .text               c_w.l(_chval.o)
    0x08000de6   0x08000de6   0x00000002   PAD
    0x08000de8   0x08000de8   0x000004f8   Code   RO         3835    .text               c_w.l(scanf_fp.o)
    0x080012e0   0x080012e0   0x00000012   Code   RO         3840    .text               c_w.l(exit.o)
    0x080012f2   0x080012f2   0x00000002   PAD
    0x080012f4   0x080012f4   0x00000080   Code   RO         3842    .text               c_w.l(strcmpv7m.o)
    0x08001374   0x08001374   0x00000320   Code   RO         3928    .text               c_w.l(scanf_hexfp.o)
    0x08001694   0x08001694   0x00000134   Code   RO         3930    .text               c_w.l(scanf_infnan.o)
    0x080017c8   0x080017c8   0x00000026   Code   RO         3950    .text               c_w.l(llshl.o)
    0x080017ee   0x080017ee   0x0000003e   Code   RO         3790    CL$$btod_d2e        c_w.l(btod.o)
    0x0800182c   0x0800182c   0x00000046   Code   RO         3792    CL$$btod_d2e_denorm_low  c_w.l(btod.o)
    0x08001872   0x08001872   0x00000060   Code   RO         3791    CL$$btod_d2e_norm_op1  c_w.l(btod.o)
    0x080018d2   0x080018d2   0x00000338   Code   RO         3800    CL$$btod_div_common  c_w.l(btod.o)
    0x08001c0a   0x08001c0a   0x00000002   PAD
    0x08001c0c   0x08001c0c   0x00000084   Code   RO         3798    CL$$btod_e2d        c_w.l(btod.o)
    0x08001c90   0x08001c90   0x000000dc   Code   RO         3797    CL$$btod_e2e        c_w.l(btod.o)
    0x08001d6c   0x08001d6c   0x0000002a   Code   RO         3794    CL$$btod_ediv       c_w.l(btod.o)
    0x08001d96   0x08001d96   0x0000002a   Code   RO         3796    CL$$btod_edivd      c_w.l(btod.o)
    0x08001dc0   0x08001dc0   0x0000002a   Code   RO         3793    CL$$btod_emul       c_w.l(btod.o)
    0x08001dea   0x08001dea   0x0000002a   Code   RO         3795    CL$$btod_emuld      c_w.l(btod.o)
    0x08001e14   0x08001e14   0x00000244   Code   RO         3799    CL$$btod_mult_common  c_w.l(btod.o)
    0x08002058   0x08002058   0x000000c4   Code   RO         3416    i.Address_set       tft.o
    0x0800211c   0x0800211c   0x00000004   Code   RO          147    i.BusFault_Handler  stm32f10x_it.o
    0x08002120   0x08002120   0x00000044   Code   RO         3314    i.DAC8552_GPIO_Init  dac8552.o
    0x08002164   0x08002164   0x0000000e   Code   RO         3315    i.DAC8552_Write_CHA  dac8552.o
    0x08002172   0x08002172   0x00000002   PAD
    0x08002174   0x08002174   0x00000050   Code   RO         3317    i.DAC8552_Write_Reg  dac8552.o
    0x080021c4   0x080021c4   0x00000002   Code   RO          148    i.DebugMon_Handler  stm32f10x_it.o
    0x080021c6   0x080021c6   0x00000116   Code   RO         1540    i.GPIO_Init         stm32f10x_gpio.o
    0x080022dc   0x080022dc   0x00000090   Code   RO         1542    i.GPIO_PinRemapConfig  stm32f10x_gpio.o
    0x0800236c   0x0800236c   0x00000004   Code   RO         1547    i.GPIO_ResetBits    stm32f10x_gpio.o
    0x08002370   0x08002370   0x00000004   Code   RO         1548    i.GPIO_SetBits      stm32f10x_gpio.o
    0x08002374   0x08002374   0x00000038   Code   RO         3344    i.GUI_Clear         gui.o
    0x080023ac   0x080023ac   0x000000dc   Code   RO         3349    i.GUI_number        gui.o
    0x08002488   0x08002488   0x00000108   Code   RO         3351    i.GUI_sprintf_char  gui.o
    0x08002590   0x08002590   0x00000040   Code   RO         3352    i.GUI_sprintf_hzstr16x  gui.o
    0x080025d0   0x080025d0   0x00000004   Code   RO          149    i.HardFault_Handler  stm32f10x_it.o
    0x080025d4   0x080025d4   0x0000003c   Code   RO         3497    i.KEY_Init          key.o
    0x08002610   0x08002610   0x00000060   Code   RO         3417    i.LCD_ReadReg       tft.o
    0x08002670   0x08002670   0x00000034   Code   RO         3522    i.LED_Init          led.o
    0x080026a4   0x080026a4   0x00000068   Code   RO         3418    i.Lcd_GPIO_Init     tft.o
    0x0800270c   0x0800270c   0x00000496   Code   RO         3419    i.Lcd_Init          tft.o
    0x08002ba2   0x08002ba2   0x0000001e   Code   RO         3420    i.Lcd_WR_Reg        tft.o
    0x08002bc0   0x08002bc0   0x00000014   Code   RO         3421    i.Lcd_WriteReg      tft.o
    0x08002bd4   0x08002bd4   0x0000001e   Code   RO         3422    i.Lcd_Write_Data    tft.o
    0x08002bf2   0x08002bf2   0x00000004   Code   RO          150    i.MemManage_Handler  stm32f10x_it.o
    0x08002bf6   0x08002bf6   0x00000002   Code   RO          151    i.NMI_Handler       stm32f10x_it.o
    0x08002bf8   0x08002bf8   0x00000070   Code   RO          389    i.NVIC_Init         misc.o
    0x08002c68   0x08002c68   0x00000014   Code   RO          390    i.NVIC_PriorityGroupConfig  misc.o
    0x08002c7c   0x08002c7c   0x00000002   Code   RO          152    i.PendSV_Handler    stm32f10x_it.o
    0x08002c7e   0x08002c7e   0x00000002   PAD
    0x08002c80   0x08002c80   0x00000020   Code   RO         1914    i.RCC_APB1PeriphClockCmd  stm32f10x_rcc.o
    0x08002ca0   0x08002ca0   0x00000020   Code   RO         1916    i.RCC_APB2PeriphClockCmd  stm32f10x_rcc.o
    0x08002cc0   0x08002cc0   0x000000d4   Code   RO         1924    i.RCC_GetClocksFreq  stm32f10x_rcc.o
    0x08002d94   0x08002d94   0x00000002   Code   RO          153    i.SVC_Handler       stm32f10x_it.o
    0x08002d96   0x08002d96   0x00000008   Code   RO          210    i.SetSysClock       system_stm32f10x.o
    0x08002d9e   0x08002d9e   0x00000002   PAD
    0x08002da0   0x08002da0   0x000000e0   Code   RO          211    i.SetSysClockTo72   system_stm32f10x.o
    0x08002e80   0x08002e80   0x00000028   Code   RO          393    i.SysTick_CLKSourceConfig  misc.o
    0x08002ea8   0x08002ea8   0x00000002   Code   RO          154    i.SysTick_Handler   stm32f10x_it.o
    0x08002eaa   0x08002eaa   0x00000002   PAD
    0x08002eac   0x08002eac   0x00000060   Code   RO          213    i.SystemInit        system_stm32f10x.o
    0x08002f0c   0x08002f0c   0x00000028   Code   RO         3423    i.TFT_CS            tft.o
    0x08002f34   0x08002f34   0x00000014   Code   RO         3424    i.TFT_DATA          tft.o
    0x08002f48   0x08002f48   0x0000002c   Code   RO         3425    i.TFT_RD            tft.o
    0x08002f74   0x08002f74   0x00000028   Code   RO         3426    i.TFT_RS            tft.o
    0x08002f9c   0x08002f9c   0x00000028   Code   RO         3427    i.TFT_WR            tft.o
    0x08002fc4   0x08002fc4   0x0000001c   Code   RO         3540    i.TIM3_IRQHandler   time.o
    0x08002fe0   0x08002fe0   0x00000060   Code   RO         3541    i.TIM3_init         time.o
    0x08003040   0x08003040   0x00000006   Code   RO         2543    i.TIM_ClearITPendingBit  stm32f10x_tim.o
    0x08003046   0x08003046   0x00000018   Code   RO         2548    i.TIM_Cmd           stm32f10x_tim.o
    0x0800305e   0x0800305e   0x00000006   Code   RO         2567    i.TIM_GetCounter    stm32f10x_tim.o
    0x08003064   0x08003064   0x00000022   Code   RO         2569    i.TIM_GetITStatus   stm32f10x_tim.o
    0x08003086   0x08003086   0x00000012   Code   RO         2573    i.TIM_ITConfig      stm32f10x_tim.o
    0x08003098   0x08003098   0x000000a4   Code   RO         2619    i.TIM_TimeBaseInit  stm32f10x_tim.o
    0x0800313c   0x0800313c   0x00000088   Code   RO          325    i.USART1_IRQHandler  usart.o
    0x080031c4   0x080031c4   0x00000018   Code   RO         3084    i.USART_Cmd         stm32f10x_usart.o
    0x080031dc   0x080031dc   0x00000054   Code   RO         3088    i.USART_GetITStatus  stm32f10x_usart.o
    0x08003230   0x08003230   0x0000004a   Code   RO         3090    i.USART_ITConfig    stm32f10x_usart.o
    0x0800327a   0x0800327a   0x00000002   PAD
    0x0800327c   0x0800327c   0x000000d8   Code   RO         3091    i.USART_Init        stm32f10x_usart.o
    0x08003354   0x08003354   0x0000000a   Code   RO         3098    i.USART_ReceiveData  stm32f10x_usart.o
    0x0800335e   0x0800335e   0x00000004   Code   RO          155    i.UsageFault_Handler  stm32f10x_it.o
    0x08003362   0x08003362   0x00000028   Code   RO         3825    i.__ARM_fpclassify  m_ws.l(fpclassify.o)
    0x0800338a   0x0800338a   0x00000002   PAD
    0x0800338c   0x0800338c   0x00000388   Code   RO         3739    i.__ieee754_rem_pio2  m_ws.l(rred.o)
    0x08003714   0x08003714   0x000000fc   Code   RO         3722    i.__kernel_cos      m_ws.l(cos_i.o)
    0x08003810   0x08003810   0x000000aa   Code   RO         3827    i.__kernel_poly     m_ws.l(poly.o)
    0x080038ba   0x080038ba   0x00000002   PAD
    0x080038bc   0x080038bc   0x000000ec   Code   RO         3744    i.__kernel_sin      m_ws.l(sin_i.o)
    0x080039a8   0x080039a8   0x00000006   Code   RO         3726    i.__mathlib_dbl_infnan  m_ws.l(dunder.o)
    0x080039ae   0x080039ae   0x0000000c   Code   RO         3728    i.__mathlib_dbl_invalid  m_ws.l(dunder.o)
    0x080039ba   0x080039ba   0x0000000e   Code   RO         3729    i.__mathlib_dbl_overflow  m_ws.l(dunder.o)
    0x080039c8   0x080039c8   0x00000010   Code   RO         3731    i.__mathlib_dbl_underflow  m_ws.l(dunder.o)
    0x080039d8   0x080039d8   0x00000010   Code   RO         3915    i.__mathlib_narrow  m_ws.l(narrow.o)
    0x080039e8   0x080039e8   0x000000bc   Code   RO         3916    i.__mathlib_tofloat  m_ws.l(narrow.o)
    0x08003aa4   0x08003aa4   0x00000016   Code   RO         3964    i.__support_ldexp   m_ws.l(ldexp.o)
    0x08003aba   0x08003aba   0x0000000e   Code   RO         3605    i._is_digit         c_w.l(__printf_wp.o)
    0x08003ac8   0x08003ac8   0x00000006   Code   RO          326    i._sys_exit         usart.o
    0x08003ace   0x08003ace   0x0000002a   Code   RO         3681    i.atof              m_ws.l(atof.o)
    0x08003af8   0x08003af8   0x00000044   Code   RO          244    i.delay_init        delay.o
    0x08003b3c   0x08003b3c   0x0000004c   Code   RO          245    i.delay_ms          delay.o
    0x08003b88   0x08003b88   0x0000004c   Code   RO          246    i.delay_us          delay.o
    0x08003bd4   0x08003bd4   0x0000001c   Code   RO          327    i.fputc             usart.o
    0x08003bf0   0x08003bf0   0x00000058   Code   RO         3943    i.frexp             m_ws.l(frexp.o)
    0x08003c48   0x08003c48   0x00000074   Code   RO         3965    i.ldexp             m_ws.l(ldexp.o)
    0x08003cbc   0x08003cbc   0x0000049c   Code   RO            1    i.main              main.o
    0x08004158   0x08004158   0x000000a0   Code   RO         3685    i.sin               m_ws.l(sin.o)
    0x080041f8   0x080041f8   0x000000a0   Code   RO          328    i.uart_init         usart.o
    0x08004298   0x08004298   0x00000318   Code   RO         3543    i.wave_init         time.o
    0x080045b0   0x080045b0   0x0000002c   Code   RO         3817    locale$$code        c_w.l(lc_numeric_c.o)
    0x080045dc   0x080045dc   0x0000002c   Code   RO         3838    locale$$code        c_w.l(lc_ctype_c.o)
    0x08004608   0x08004608   0x00000062   Code   RO         3626    x$fpl$d2f           fz_ws.l(d2f.o)
    0x0800466a   0x0800466a   0x00000002   PAD
    0x0800466c   0x0800466c   0x00000150   Code   RO         3628    x$fpl$dadd          fz_ws.l(daddsub_clz.o)
    0x080047bc   0x080047bc   0x00000010   Code   RO         3895    x$fpl$dcheck1       fz_ws.l(dcheck1.o)
    0x080047cc   0x080047cc   0x00000018   Code   RO         3959    x$fpl$dcmpinf       fz_ws.l(dcmpi.o)
    0x080047e4   0x080047e4   0x000002b0   Code   RO         3635    x$fpl$ddiv          fz_ws.l(ddiv.o)
    0x08004a94   0x08004a94   0x00000078   Code   RO         3936    x$fpl$deqf          fz_ws.l(deqf.o)
    0x08004b0c   0x08004b0c   0x0000005e   Code   RO         3638    x$fpl$dfix          fz_ws.l(dfix.o)
    0x08004b6a   0x08004b6a   0x0000002e   Code   RO         3643    x$fpl$dflt          fz_ws.l(dflt_clz.o)
    0x08004b98   0x08004b98   0x00000026   Code   RO         3642    x$fpl$dfltu         fz_ws.l(dflt_clz.o)
    0x08004bbe   0x08004bbe   0x00000002   PAD
    0x08004bc0   0x08004bc0   0x00000078   Code   RO         3961    x$fpl$dleqf         fz_ws.l(dleqf.o)
    0x08004c38   0x08004c38   0x00000154   Code   RO         3648    x$fpl$dmul          fz_ws.l(dmul.o)
    0x08004d8c   0x08004d8c   0x0000009c   Code   RO         3713    x$fpl$dnaninf       fz_ws.l(dnaninf.o)
    0x08004e28   0x08004e28   0x0000000c   Code   RO         3715    x$fpl$dretinf       fz_ws.l(dretinf.o)
    0x08004e34   0x08004e34   0x0000006c   Code   RO         3938    x$fpl$drleqf        fz_ws.l(drleqf.o)
    0x08004ea0   0x08004ea0   0x00000016   Code   RO         3629    x$fpl$drsb          fz_ws.l(daddsub_clz.o)
    0x08004eb6   0x08004eb6   0x00000002   PAD
    0x08004eb8   0x08004eb8   0x000001d4   Code   RO         3630    x$fpl$dsub          fz_ws.l(daddsub_clz.o)
    0x0800508c   0x0800508c   0x00000056   Code   RO         3650    x$fpl$f2d           fz_ws.l(f2d.o)
    0x080050e2   0x080050e2   0x00000002   PAD
    0x080050e4   0x080050e4   0x000000c4   Code   RO         3652    x$fpl$fadd          fz_ws.l(faddsub_clz.o)
    0x080051a8   0x080051a8   0x00000184   Code   RO         3659    x$fpl$fdiv          fz_ws.l(fdiv.o)
    0x0800532c   0x0800532c   0x00000036   Code   RO         3662    x$fpl$ffix          fz_ws.l(ffix.o)
    0x08005362   0x08005362   0x00000002   PAD
    0x08005364   0x08005364   0x0000003e   Code   RO         3666    x$fpl$ffixu         fz_ws.l(ffixu.o)
    0x080053a2   0x080053a2   0x00000002   PAD
    0x080053a4   0x080053a4   0x00000030   Code   RO         3671    x$fpl$fflt          fz_ws.l(fflt_clz.o)
    0x080053d4   0x080053d4   0x00000026   Code   RO         3670    x$fpl$ffltu         fz_ws.l(fflt_clz.o)
    0x080053fa   0x080053fa   0x00000002   PAD
    0x080053fc   0x080053fc   0x00000102   Code   RO         3676    x$fpl$fmul          fz_ws.l(fmul.o)
    0x080054fe   0x080054fe   0x0000008c   Code   RO         3717    x$fpl$fnaninf       fz_ws.l(fnaninf.o)
    0x0800558a   0x0800558a   0x0000000a   Code   RO         3719    x$fpl$fretinf       fz_ws.l(fretinf.o)
    0x08005594   0x08005594   0x000000ea   Code   RO         3654    x$fpl$fsub          fz_ws.l(faddsub_clz.o)
    0x0800567e   0x0800567e   0x00000006   Code   RO         3819    x$fpl$ieeestatus    fz_ws.l(istatus.o)
    0x08005684   0x08005684   0x00000004   Code   RO         3678    x$fpl$printf1       fz_ws.l(printf1.o)
    0x08005688   0x08005688   0x00000064   Code   RO         3907    x$fpl$retnan        fz_ws.l(retnan.o)
    0x080056ec   0x080056ec   0x0000005c   Code   RO         3821    x$fpl$scalbn        fz_ws.l(scalbn.o)
    0x08005748   0x08005748   0x00000004   Code   RO         3823    x$fpl$scanf1        fz_ws.l(scanf1.o)
    0x0800574c   0x0800574c   0x00000008   Code   RO         3909    x$fpl$scanf2        fz_ws.l(scanf2.o)
    0x08005754   0x08005754   0x00000030   Code   RO         3940    x$fpl$trapveneer    fz_ws.l(trapv.o)
    0x08005784   0x08005784   0x00000000   Code   RO         3721    x$fpl$usenofp       fz_ws.l(usenofp.o)
    0x08005784   0x08005784   0x00000610   Data   RO         3354    .constdata          gui.o
    0x08005d94   0x08005d94   0x00000004   PAD
    0x08005d98   0x08005d98   0x00000030   Data   RO         3723    .constdata          m_ws.l(cos_i.o)
    0x08005dc8   0x08005dc8   0x000000c8   Data   RO         3741    .constdata          m_ws.l(rred.o)
    0x08005e90   0x08005e90   0x00000028   Data   RO         3745    .constdata          m_ws.l(sin_i.o)
    0x08005eb8   0x08005eb8   0x00000094   Data   RO         3788    .constdata          c_w.l(bigflt0.o)
    0x08005f4c   0x08005f4c   0x00000020   Data   RO         4023    Region$$Table       anon$$obj.o
    0x08005f6c   0x08005f6c   0x00000008   Data   RO         3901    c$$dinf             fz_ws.l(fpconst.o)
    0x08005f74   0x08005f74   0x00000008   Data   RO         3904    c$$dmax             fz_ws.l(fpconst.o)
    0x08005f7c   0x08005f7c   0x0000001c   Data   RO         3816    locale$$data        c_w.l(lc_numeric_c.o)
    0x08005f98   0x08005f98   0x00000110   Data   RO         3837    locale$$data        c_w.l(lc_ctype_c.o)


    Execution Region ER_RW (Exec base: 0x20000000, Load base: 0x080060a8, Size: 0x00000060, Max: 0xffffffff, ABSOLUTE)

    Exec Addr    Load Addr    Size         Type   Attr      Idx    E Section Name        Object

    0x20000000   0x080060a8   0x00000014   Data   RW          214    .data               system_stm32f10x.o
    0x20000014   0x080060bc   0x00000004   Data   RW          247    .data               delay.o
    0x20000018   0x080060c0   0x0000001c   Data   RW          330    .data               usart.o
    0x20000034   0x080060dc   0x00000014   Data   RW         1944    .data               stm32f10x_rcc.o
    0x20000048   0x080060f0   0x00000002   Data   RW         3428    .data               tft.o
    0x2000004a   0x080060f2   0x00000006   PAD
    0x20000050   0x080060f8   0x00000010   Data   RW         3544    .data               time.o


    Execution Region ER_ZI (Exec base: 0x20000060, Load base: 0x08006108, Size: 0x00000728, Max: 0xffffffff, ABSOLUTE)

    Exec Addr    Load Addr    Size         Type   Attr      Idx    E Section Name        Object

    0x20000060        -       0x000000c8   Zero   RW          329    .bss                usart.o
    0x20000128        -       0x00000060   Zero   RW         3751    .bss                c_w.l(libspace.o)
    0x20000188        -       0x00000200   Zero   RW          383    HEAP                startup_stm32f10x_hd.o
    0x20000388        -       0x00000400   Zero   RW          382    STACK               startup_stm32f10x_hd.o


==============================================================================

Image component sizes


      Code (inc. data)   RO Data    RW Data    ZI Data      Debug   Object Name

       162         10          0          0          0       1636   dac8552.o
       220         26          0          4          0     206571   delay.o
       604          4       1552          0          0       4189   gui.o
        60          8          0          0          0        491   key.o
        52          6          0          0          0        487   led.o
      1180        224          0          0          0      48915   main.o
       172         22          0          0          0       2105   misc.o
        64         26        304          0       1536        812   startup_stm32f10x_hd.o
       430          6          0          0          0       3934   stm32f10x_gpio.o
        26          0          0          0          0       3810   stm32f10x_it.o
       276         32          0         20          0       4490   stm32f10x_rcc.o
       252         42          0          0          0       4167   stm32f10x_tim.o
       408          6          0          0          0       5074   stm32f10x_usart.o
         0          0          0          0          0         32   sys.o
       328         28          0         20          0       2145   system_stm32f10x.o
      1834         64          0          2          0       7296   tft.o
       916        204          0         16          0       2019   time.o
       330         26          0         28        200       4502   usart.o

    ----------------------------------------------------------------------
      7324        734       1892         96       1736     302675   Object Totals
         0          0         32          0          0          0   (incl. Generated)
        10          0          4          6          0          0   (incl. Padding)

    ----------------------------------------------------------------------

      Code (inc. data)   RO Data    RW Data    ZI Data      Debug   Library Member Name

         8          0          0          0          0         68   __main.o
       284          0          0          0          0        156   __printf_wp.o
         0          0          0          0          0          0   __rtentry.o
        12          0          0          0          0          0   __rtentry2.o
         6          0          0          0          0          0   __rtentry4.o
        52          8          0          0          0          0   __scatter.o
        26          0          0          0          0          0   __scatter_copy.o
        28          0          0          0          0          0   __scatter_zi.o
        28          0          0          0          0         68   _chval.o
        48          6          0          0          0         96   _printf_char_common.o
        36          4          0          0          0         80   _printf_char_file.o
         6          0          0          0          0          0   _printf_d.o
       120         16          0          0          0         92   _printf_dec.o
         6          0          0          0          0          0   _printf_f.o
      1054          0          0          0          0        216   _printf_fp_dec.o
       128         16          0          0          0         84   _printf_fp_infnan.o
       178          0          0          0          0         88   _printf_intcommon.o
         0          0          0          0          0          0   _printf_percent.o
         4          0          0          0          0          0   _printf_percent_end.o
        22          0          0          0          0        100   _rserrno.o
        64          0          0          0          0         84   _sgetc.o
       158          0          0          0          0         92   _strtoul.o
        26          0          0          0          0         80   atoi.o
       228          4        148          0          0         96   bigflt0.o
      2152        136          0          0          0        960   btod.o
        18          0          0          0          0         80   exit.o
         8          0          0          0          0         68   ferror.o
         6          0          0          0          0        152   heapauxi.o
        18          0          0          0          0         76   isspace.o
        44         10        272          0          0         76   lc_ctype_c.o
        44         10         28          0          0         76   lc_numeric_c.o
         2          0          0          0          0          0   libinit.o
        30          0          0          0          0          0   libinit2.o
         2          0          0          0          0          0   libshutdown.o
         2          0          0          0          0          0   libshutdown2.o
         8          4          0          0         96         68   libspace.o
        38          0          0          0          0         68   llshl.o
       138          0          0          0          0         80   lludiv10.o
        24          4          0          0          0         84   noretval__2printf.o
        16          4          0          0          0         76   rt_ctype_table.o
         8          4          0          0          0         68   rt_errno_addr_intlibspace.o
         8          4          0          0          0         68   rt_locale_intlibspace.o
         2          0          0          0          0          0   rtexit.o
        10          0          0          0          0          0   rtexit2.o
      1272         16          0          0          0        168   scanf_fp.o
       800         14          0          0          0        100   scanf_hexfp.o
       308         16          0          0          0        100   scanf_infnan.o
       128          0          0          0          0         68   strcmpv7m.o
        36          0          0          0          0         80   strstr.o
       164         14          0          0          0        120   strtod.o
       112          0          0          0          0         88   strtol.o
        74          0          0          0          0         80   sys_stackheap_outer.o
         2          0          0          0          0         68   use_no_semi.o
         2          0          0          0          0         68   use_no_semi_2.o
        98          4          0          0          0         92   d2f.o
       826         16          0          0          0        348   daddsub_clz.o
        16          4          0          0          0         68   dcheck1.o
        24          0          0          0          0         68   dcmpi.o
       688        140          0          0          0        208   ddiv.o
       120          4          0          0          0         92   deqf.o
        94          4          0          0          0         92   dfix.o
        84          0          0          0          0        136   dflt_clz.o
       120          4          0          0          0         92   dleqf.o
       340         12          0          0          0        104   dmul.o
       156          4          0          0          0         92   dnaninf.o
        12          0          0          0          0         68   dretinf.o
       108          0          0          0          0         80   drleqf.o
        86          4          0          0          0         84   f2d.o
       430          8          0          0          0        168   faddsub_clz.o
       388         76          0          0          0         96   fdiv.o
        54          4          0          0          0         84   ffix.o
        62          4          0          0          0         84   ffixu.o
        86          0          0          0          0        136   fflt_clz.o
       258          4          0          0          0         84   fmul.o
       140          4          0          0          0         84   fnaninf.o
         0          0         16          0          0          0   fpconst.o
        10          0          0          0          0         68   fretinf.o
         6          0          0          0          0         68   istatus.o
         4          0          0          0          0         68   printf1.o
       100          0          0          0          0         68   retnan.o
        92          0          0          0          0         68   scalbn.o
         4          0          0          0          0         68   scanf1.o
         8          0          0          0          0         84   scanf2.o
        48          0          0          0          0         68   trapv.o
         0          0          0          0          0          0   usenofp.o
        42          0          0          0          0         84   atof.o
       252         22         48          0          0        124   cos_i.o
        48          6          0          0          0        272   dunder.o
        40          0          0          0          0         68   fpclassify.o
        88          8          0          0          0         76   frexp.o
       138          0          0          0          0        160   ldexp.o
       204          4          0          0          0        168   narrow.o
       170          0          0          0          0         96   poly.o
       904         76        200          0          0        140   rred.o
       160         10          0          0          0        108   sin.o
       236         12         40          0          0        128   sin_i.o

    ----------------------------------------------------------------------
     14776        726        752          0         96       8684   Library Totals
        34          2          0          0          0          0   (incl. Padding)

    ----------------------------------------------------------------------

      Code (inc. data)   RO Data    RW Data    ZI Data      Debug   Library Name

      7998        290        448          0         96       4340   c_w.l
      4462        296         16          0          0       2920   fz_ws.l
      2282        138        288          0          0       1424   m_ws.l

    ----------------------------------------------------------------------
     14776        726        752          0         96       8684   Library Totals

    ----------------------------------------------------------------------

==============================================================================


      Code (inc. data)   RO Data    RW Data    ZI Data      Debug   

     22100       1460       2644         96       1832     303191   Grand Totals
     22100       1460       2644         96       1832     303191   ELF Image Totals
     22100       1460       2644         96          0          0   ROM Totals

==============================================================================

    Total RO  Size (Code + RO Data)                24744 (  24.16kB)
    Total RW  Size (RW Data + ZI Data)              1928 (   1.88kB)
    Total ROM Size (Code + RO Data + RW Data)      24840 (  24.26kB)

==============================================================================

